Component: ARM Compiler 5.06 update 6 (build 750) Tool: armlink [4d35ed]

==============================================================================

Section Cross References

    main.o(.text) refers to _printf_percent.o(.ARM.Collect$$_printf_percent$$00000000) for _printf_percent
    main.o(.text) refers to _printf_f.o(.ARM.Collect$$_printf_percent$$00000003) for _printf_f
    main.o(.text) refers to printf1.o(x$fpl$printf1) for _printf_fp_dec
    main.o(.text) refers to delay.o(.text) for delay_init
    main.o(.text) refers to misc.o(.text) for NVIC_PriorityGroupConfig
    main.o(.text) refers to usart.o(.text) for uart_init
    main.o(.text) refers to led.o(.text) for LED_Init
    main.o(.text) refers to oled.o(.text) for OLED_Init
    main.o(.text) refers to sht30.o(.text) for Sht30_Init
    main.o(.text) refers to mcu_api.o(.text) for wifi_protocol_init
    main.o(.text) refers to key.o(.text) for KEY_Init
    main.o(.text) refers to rtc.o(.text) for RTC_Init
    main.o(.text) refers to f2d.o(x$fpl$f2d) for __aeabi_f2d
    main.o(.text) refers to noretval__2sprintf.o(.text) for __2sprintf
    main.o(.text) refers to rtc.o(.data) for tcnt
    main.o(.text) refers to sht30.o(.data) for Temperature
    system_stm32f10x.o(.text) refers to system_stm32f10x.o(.data) for SystemCoreClock
    led.o(.text) refers to stm32f10x_rcc.o(.text) for RCC_APB2PeriphClockCmd
    led.o(.text) refers to stm32f10x_gpio.o(.text) for GPIO_Init
    oled.o(.text) refers to stm32f10x_gpio.o(.text) for GPIO_SetBits
    oled.o(.text) refers to oled.o(.constdata) for F8X16
    oled.o(.text) refers to oled.o(.data) for Hzk
    oled.o(.text) refers to stm32f10x_rcc.o(.text) for RCC_APB2PeriphClockCmd
    bsp_i2c_gpio.o(.text) refers to stm32f10x_gpio.o(.text) for GPIO_SetBits
    bsp_i2c_gpio.o(.text) refers to stm32f10x_rcc.o(.text) for RCC_APB2PeriphClockCmd
    sht30.o(.text) refers to bsp_i2c_gpio.o(.text) for i2c_CheckDevice
    sht30.o(.text) refers to fflt_clz.o(x$fpl$fflt) for __aeabi_i2f
    sht30.o(.text) refers to fmul.o(x$fpl$fmul) for __aeabi_fmul
    sht30.o(.text) refers to fdiv.o(x$fpl$fdiv) for __aeabi_fdiv
    sht30.o(.text) refers to faddsub_clz.o(x$fpl$fsub) for __aeabi_fsub
    sht30.o(.text) refers to sht30.o(.data) for Buff
    mcu_api.o(.text) refers to system.o(.text) for set_wifi_uart_byte
    mcu_api.o(.text) refers to system.o(.data) for stop_update_flag
    mcu_api.o(.text) refers to system.o(.bss) for wifi_uart_rx_buf
    mcu_api.o(.text) refers to mcu_api.o(.data) for rx_in
    protocol.o(.text) refers to usart.o(.text) for USART1_SendByte
    protocol.o(.text) refers to fmul.o(x$fpl$fmul) for __aeabi_fmul
    protocol.o(.text) refers to ffixu.o(x$fpl$ffixu) for __aeabi_f2uiz
    protocol.o(.text) refers to mcu_api.o(.text) for mcu_dp_value_update
    protocol.o(.text) refers to sht30.o(.data) for Temperature
    system.o(.text) refers to mcu_api.o(.text) for my_memcpy
    system.o(.text) refers to protocol.o(.text) for uart_transmit_output
    system.o(.text) refers to system.o(.bss) for wifi_uart_tx_buf
    system.o(.text) refers to system.o(.data) for mcu_reset_state
    system.o(.text) refers to protocol.o(.constdata) for download_cmd
    key.o(.text) refers to stm32f10x_rcc.o(.text) for RCC_APB2PeriphClockCmd
    key.o(.text) refers to stm32f10x_gpio.o(.text) for GPIO_Init
    key.o(.text) refers to delay.o(.text) for delay_ms
    key.o(.text) refers to key.o(.data) for key_up
    rtc.o(.text) refers to misc.o(.text) for NVIC_Init
    rtc.o(.text) refers to stm32f10x_rcc.o(.text) for RCC_APB1PeriphClockCmd
    rtc.o(.text) refers to stm32f10x_pwr.o(.text) for PWR_BackupAccessCmd
    rtc.o(.text) refers to stm32f10x_bkp.o(.text) for BKP_ReadBackupRegister
    rtc.o(.text) refers to delay.o(.text) for delay_ms
    rtc.o(.text) refers to stm32f10x_rtc.o(.text) for RTC_WaitForLastTask
    rtc.o(.text) refers to fmul.o(x$fpl$fmul) for __aeabi_fmul
    rtc.o(.text) refers to ffixu.o(x$fpl$ffixu) for __aeabi_f2uiz
    rtc.o(.text) refers to mcu_api.o(.text) for mcu_dp_value_update
    rtc.o(.text) refers to rtc.o(.data) for tcnt
    rtc.o(.text) refers to sht30.o(.data) for Temperature
    delay.o(.text) refers to misc.o(.text) for SysTick_CLKSourceConfig
    delay.o(.text) refers to system_stm32f10x.o(.data) for SystemCoreClock
    delay.o(.text) refers to delay.o(.data) for fac_us
    usart.o(.text) refers (Special) to use_no_semi_2.o(.text) for __use_no_semihosting
    usart.o(.text) refers to stm32f10x_rcc.o(.text) for RCC_APB2PeriphClockCmd
    usart.o(.text) refers to stm32f10x_gpio.o(.text) for GPIO_Init
    usart.o(.text) refers to misc.o(.text) for NVIC_Init
    usart.o(.text) refers to stm32f10x_usart.o(.text) for USART_Init
    usart.o(.text) refers to mcu_api.o(.text) for uart_receive_input
    usart.o(.data) refers (Special) to use_no_semi_2.o(.text) for __use_no_semihosting
[...]
    ../clib/angel/sysapp.c                   0x00000000   Number         0  sys_wrch.o ABSOLUTE
    ../clib/angel/sysapp.c                   0x00000000   Number         0  sys_command.o ABSOLUTE
    ../clib/armsys.c                         0x00000000   Number         0  argv_veneer.o ABSOLUTE
    ../clib/armsys.c                         0x00000000   Number         0  no_argv.o ABSOLUTE
    ../clib/armsys.c                         0x00000000   Number         0  _get_argv_nomalloc.o ABSOLUTE
    ../clib/armsys.c                         0x00000000   Number         0  argv_veneer.o ABSOLUTE
    ../clib/bigflt.c                         0x00000000   Number         0  bigflt0.o ABSOLUTE
    ../clib/btod.s                           0x00000000   Number         0  btod.o ABSOLUTE
    ../clib/heapalloc.c                      0x00000000   Number         0  hrguard.o ABSOLUTE
    ../clib/heapaux.c                        0x00000000   Number         0  heapauxi.o ABSOLUTE
    ../clib/libinit.s                        0x00000000   Number         0  libinit.o ABSOLUTE
    ../clib/libinit.s                        0x00000000   Number         0  libinit2.o ABSOLUTE
    ../clib/libinit.s                        0x00000000   Number         0  libshutdown.o ABSOLUTE
    ../clib/libinit.s                        0x00000000   Number         0  libshutdown2.o ABSOLUTE
    ../clib/locale.s                         0x00000000   Number         0  lc_numeric_c.o ABSOLUTE
    ../clib/longlong.s                       0x00000000   Number         0  lludiv10.o ABSOLUTE
    ../clib/memcpset.s                       0x00000000   Number         0  strcmpv7m.o ABSOLUTE
    ../clib/misc.s                           0x00000000   Number         0  printf_stubs.o ABSOLUTE
    ../clib/printf.c                         0x00000000   Number         0  __printf.o ABSOLUTE
    ../clib/printf.c                         0x00000000   Number         0  _printf_fp_dec.o ABSOLUTE
    ../clib/printf.c                         0x00000000   Number         0  __printf_flags_ss_wp.o ABSOLUTE
    ../clib/printf.c                         0x00000000   Number         0  __printf_ss_wp.o ABSOLUTE
    ../clib/printf.c                         0x00000000   Number         0  __printf_flags_wp.o ABSOLUTE
    ../clib/printf.c                         0x00000000   Number         0  _printf_fp_infnan.o ABSOLUTE
    ../clib/printf.c                         0x00000000   Number         0  __printf_nopercent.o ABSOLUTE
    ../clib/printf.c                         0x00000000   Number         0  __printf_wp.o ABSOLUTE
    ../clib/printf.c                         0x00000000   Number         0  __printf_flags_ss.o ABSOLUTE
    ../clib/printf.c                         0x00000000   Number         0  __printf_ss.o ABSOLUTE
    ../clib/printf.c                         0x00000000   Number         0  __printf_flags.o ABSOLUTE
    ../clib/printf.c                         0x00000000   Number         0  __2sprintf.o ABSOLUTE
    ../clib/printf.c                         0x00000000   Number         0  noretval__2sprintf.o ABSOLUTE
    ../clib/printf.c                         0x00000000   Number         0  _sputc.o ABSOLUTE
    ../clib/printf.c                         0x00000000   Number         0  _printf_char_common.o ABSOLUTE
    ../clib/printf_percent.s                 0x00000000   Number         0  _printf_percent_end.o ABSOLUTE
    ../clib/printf_percent.s                 0x00000000   Number         0  _printf_percent.o ABSOLUTE
    ../clib/printf_percent.s                 0x00000000   Number         0  _printf_f.o ABSOLUTE
    ../clib/signal.c                         0x00000000   Number         0  defsig_rtmem_inner.o ABSOLUTE
    ../clib/signal.c                         0x00000000   Number         0  __raise.o ABSOLUTE
    ../clib/signal.c                         0x00000000   Number         0  defsig_general.o ABSOLUTE
    ../clib/signal.c                         0x00000000   Number         0  defsig_abrt_inner.o ABSOLUTE
    ../clib/signal.c                         0x00000000   Number         0  defsig_fpe_inner.o ABSOLUTE
    ../clib/signal.c                         0x00000000   Number         0  defsig_rtred_inner.o ABSOLUTE
    ../clib/signal.c                         0x00000000   Number         0  defsig_stak_inner.o ABSOLUTE
    ../clib/signal.c                         0x00000000   Number         0  defsig_rtmem_formal.o ABSOLUTE
    ../clib/signal.c                         0x00000000   Number         0  defsig_rtmem_outer.o ABSOLUTE
    ../clib/signal.c                         0x00000000   Number         0  defsig_pvfn_inner.o ABSOLUTE
    ../clib/signal.c                         0x00000000   Number         0  defsig_cppl_inner.o ABSOLUTE
    ../clib/signal.c                         0x00000000   Number         0  defsig_segv_inner.o ABSOLUTE
    ../clib/signal.c                         0x00000000   Number         0  defsig_other.o ABSOLUTE
    ../clib/signal.c                         0x00000000   Number         0  defsig_exit.o ABSOLUTE
    ../clib/signal.s                         0x00000000   Number         0  defsig.o ABSOLUTE
    ../clib/stdlib.c                         0x00000000   Number         0  exit.o ABSOLUTE
    ../fplib/dretinf.s                       0x00000000   Number         0  dretinf.o ABSOLUTE
    ../fplib/f2d.s                           0x00000000   Number         0  f2d.o ABSOLUTE
    ../fplib/faddsub.s                       0x00000000   Number         0  faddsub_clz.o ABSOLUTE
    ../fplib/fdiv.s                          0x00000000   Number         0  fdiv.o ABSOLUTE
    ../fplib/ffixu.s                         0x00000000   Number         0  ffixu.o ABSOLUTE
    ../fplib/fflt.s                          0x00000000   Number         0  fflt_clz.o ABSOLUTE
    ../fplib/fmul.s                          0x00000000   Number         0  fmul.o ABSOLUTE
    ../fplib/fnaninf.s                       0x00000000   Number         0  fnaninf.o ABSOLUTE
    ../fplib/fpinit.s                        0x00000000   Number         0  fpinit.o ABSOLUTE
    ../fplib/fretinf.s                       0x00000000   Number         0  fretinf.o ABSOLUTE
    ../fplib/istatus.s                       0x00000000   Number         0  istatus.o ABSOLUTE
    ../fplib/printf1.s                       0x00000000   Number         0  printf1.o ABSOLUTE
    ../fplib/usenofp.s                       0x00000000   Number         0  usenofp.o ABSOLUTE
    ../mathlib/fpclassify.c                  0x00000000   Number         0  fpclassify.o ABSOLUTE
    ..\CORE\core_cm3.c                       0x00000000   Number         0  core_cm3.o ABSOLUTE
    ..\CORE\startup_stm32f10x_hd.s           0x00000000   Number         0  startup_stm32f10x_hd.o ABSOLUTE
    ..\HARDWARE\KEY\key.c                    0x00000000   Number         0  key.o ABSOLUTE
    ..\HARDWARE\LED\led.c                    0x00000000   Number         0  led.o ABSOLUTE
    ..\HARDWARE\OLED\oled.c                  0x00000000   Number         0  oled.o ABSOLUTE
    ..\HARDWARE\RTC\rtc.c                    0x00000000   Number         0  rtc.o ABSOLUTE
    ..\HARDWARE\SHT30\SHT30.c                0x00000000   Number         0  sht30.o ABSOLUTE
    ..\HARDWARE\SHT30\bsp_i2c_gpio.c         0x00000000   Number         0  bsp_i2c_gpio.o ABSOLUTE
    ..\HARDWARE\mcu_sdk\mcu_api.c            0x00000000   Number         0  mcu_api.o ABSOLUTE
    ..\HARDWARE\mcu_sdk\protocol.c           0x00000000   Number         0  protocol.o ABSOLUTE
    ..\HARDWARE\mcu_sdk\system.c             0x00000000   Number         0  system.o ABSOLUTE
    ..\STM32F10x_FWLib\src\misc.c            0x00000000   Number         0  misc.o ABSOLUTE
    ..\STM32F10x_FWLib\src\stm32f10x_bkp.c   0x00000000   Number         0  stm32f10x_bkp.o ABSOLUTE
    ..\STM32F10x_FWLib\src\stm32f10x_gpio.c  0x00000000   Number         0  stm32f10x_gpio.o ABSOLUTE
    ..\STM32F10x_FWLib\src\stm32f10x_pwr.c   0x00000000   Number         0  stm32f10x_pwr.o ABSOLUTE
    ..\STM32F10x_FWLib\src\stm32f10x_rcc.c   0x00000000   Number         0  stm32f10x_rcc.o ABSOLUTE
    ..\STM32F10x_FWLib\src\stm32f10x_rtc.c   0x00000000   Number         0  stm32f10x_rtc.o ABSOLUTE
    ..\STM32F10x_FWLib\src\stm32f10x_tim.c   0x00000000   Number         0  stm32f10x_tim.o ABSOLUTE
    ..\STM32F10x_FWLib\src\stm32f10x_usart.c 0x00000000   Number         0  stm32f10x_usart.o ABSOLUTE
    ..\SYSTEM\delay\delay.c                  0x00000000   Number         0  delay.o ABSOLUTE
    ..\SYSTEM\sys\sys.c                      0x00000000   Number         0  sys.o ABSOLUTE
    ..\SYSTEM\usart\usart.c                  0x00000000   Number         0  usart.o ABSOLUTE
    ..\\CORE\\core_cm3.c                     0x00000000   Number         0  core_cm3.o ABSOLUTE
    ..\\SYSTEM\\sys\\sys.c                   0x00000000   Number         0  sys.o ABSOLUTE
    dc.s                                     0x00000000   Number         0  dc.o ABSOLUTE
    main.c                                   0x00000000   Number         0  main.o ABSOLUTE
    stm32f10x_it.c                           0x00000000   Number         0  stm32f10x_it.o ABSOLUTE
    system_stm32f10x.c                       0x00000000   Number         0  system_stm32f10x.o ABSOLUTE
    RESET                                    0x08000000   Section      304  startup_stm32f10x_hd.o(RESET)
    !!!main                                  0x08000130   Section        8  __main.o(!!!main)
    !!!scatter                               0x08000138   Section       52  __scatter.o(!!!scatter)
    !!dczerorl2                              0x0800016c   Section       90  __dczerorl2.o(!!dczerorl2)
    !!handler_zi                             0x080001c8   Section       28  __scatter_zi.o(!!handler_zi)
    .ARM.Collect$$_printf_percent$$00000000  0x080001e4   Section        0  _printf_percent.o(.ARM.Collect$$_printf_percent$$00000000)
    .ARM.Collect$$_printf_percent$$00000003  0x080001e4   Section        6  _printf_f.o(.ARM.Collect$$_printf_percent$$00000003)
    .ARM.Collect$$_printf_percent$$00000017  0x080001ea   Section        4  _printf_percent_end.o(.ARM.Collect$$_printf_percent$$00000017)
    .ARM.Collect$$libinit$$00000000          0x080001ee   Section        2  libinit.o(.ARM.Collect$$libinit$$00000000)
    .ARM.Collect$$libinit$$00000002          0x080001f0   Section        0  libinit2.o(.ARM.Collect$$libinit$$00000002)
    .ARM.Collect$$libinit$$00000004          0x080001f0   Section        0  libinit2.o(.ARM.Collect$$libinit$$00000004)
    .ARM.Collect$$libinit$$0000000A          0x080001f0   Section        0  libinit2.o(.ARM.Collect$$libinit$$0000000A)
    .ARM.Collect$$libinit$$0000000C          0x080001f0   Section        0  libinit2.o(.ARM.Collect$$libinit$$0000000C)
    .ARM.Collect$$libinit$$0000000E          0x080001f0   Section        0  libinit2.o(.ARM.Collect$$libinit$$0000000E)
    .ARM.Collect$$libinit$$0000000F          0x080001f0   Section        6  libinit2.o(.ARM.Collect$$libinit$$0000000F)
    .ARM.Collect$$libinit$$00000011          0x080001f6   Section        0  libinit2.o(.ARM.Collect$$libinit$$00000011)
    .ARM.Collect$$libinit$$00000013          0x080001f6   Section        0  libinit2.o(.ARM.Collect$$libinit$$00000013)
    .ARM.Collect$$libinit$$00000015          0x080001f6   Section        0  libinit2.o(.ARM.Collect$$libinit$$00000015)
    .ARM.Collect$$libinit$$00000016          0x080001f6   Section       10  libinit2.o(.ARM.Collect$$libinit$$00000016)
    .ARM.Collect$$libinit$$00000017          0x08000200   Section        0  libinit2.o(.ARM.Collect$$libinit$$00000017)
    .ARM.Collect$$libinit$$00000019          0x08000200   Section        0  libinit2.o(.ARM.Collect$$libinit$$00000019)
    .ARM.Collect$$libinit$$0000001B          0x08000200   Section        0  libinit2.o(.ARM.Collect$$libinit$$0000001B)
    .ARM.Collect$$libinit$$0000001D          0x08000200   Section        0  libinit2.o(.ARM.Collect$$libinit$$0000001D)
    .ARM.Collect$$libinit$$0000001F          0x08000200   Section        0  libinit2.o(.ARM.Collect$$libinit$$0000001F)
    .ARM.Collect$$libinit$$00000021          0x08000200   Section        0  libinit2.o(.ARM.Collect$$libinit$$00000021)
    .ARM.Collect$$libinit$$00000023          0x08000200   Section        0  libinit2.o(.ARM.Collect$$libinit$$00000023)
    .ARM.Collect$$libinit$$00000025          0x08000200   Section        0  libinit2.o(.ARM.Collect$$libinit$$00000025)
    .ARM.Collect$$libinit$$0000002C          0x08000200   Section        0  libinit2.o(.ARM.Collect$$libinit$$0000002C)
    .ARM.Collect$$libinit$$0000002E          0x08000200   Section        0  libinit2.o(.ARM.Collect$$libinit$$0000002E)
    .ARM.Collect$$libinit$$00000030          0x08000200   Section        0  libinit2.o(.ARM.Collect$$libinit$$00000030)
    .ARM.Collect$$libinit$$00000032          0x08000200   Section        0  libinit2.o(.ARM.Collect$$libinit$$00000032)
    .ARM.Collect$$libinit$$00000033          0x08000200   Section        2  libinit2.o(.ARM.Collect$$libinit$$00000033)
    .ARM.Collect$$libshutdown$$00000000      0x08000202   Section        2  libshutdown.o(.ARM.Collect$$libshutdown$$00000000)
    .ARM.Collect$$libshutdown$$00000002      0x08000204   Section        0  libshutdown2.o(.ARM.Collect$$libshutdown$$00000002)
    .ARM.Collect$$libshutdown$$00000004      0x08000204   Section        0  libshutdown2.o(.ARM.Collect$$libshutdown$$00000004)
    .ARM.Collect$$libshutdown$$00000007      0x08000204   Section        0  libshutdown2.o(.ARM.Collect$$libshutdown$$00000007)
    .ARM.Collect$$libshutdown$$0000000A      0x08000204   Section        0  libshutdown2.o(.ARM.Collect$$libshutdown$$0000000A)
    .ARM.Collect$$libshutdown$$0000000C      0x08000204   Section        0  libshutdown2.o(.ARM.Collect$$libshutdown$$0000000C)
    .ARM.Collect$$libshutdown$$0000000F      0x08000204   Section        0  libshutdown2.o(.ARM.Collect$$libshutdown$$0000000F)
    .ARM.Collect$$libshutdown$$00000010      0x08000204   Section        2  libshutdown2.o(.ARM.Collect$$libshutdown$$00000010)
    .ARM.Collect$$rtentry$$00000000          0x08000206   Section        0  __rtentry.o(.ARM.Collect$$rtentry$$00000000)
    .ARM.Collect$$rtentry$$00000002          0x08000206   Section        0  __rtentry2.o(.ARM.Collect$$rtentry$$00000002)
    .ARM.Collect$$rtentry$$00000004          0x08000206   Section        6  __rtentry4.o(.ARM.Collect$$rtentry$$00000004)
    .ARM.Collect$$rtentry$$00000009          0x0800020c   Section        0  __rtentry2.o(.ARM.Collect$$rtentry$$00000009)
    .ARM.Collect$$rtentry$$0000000A          0x0800020c   Section        4  __rtentry2.o(.ARM.Collect$$rtentry$$0000000A)
    .ARM.Collect$$rtentry$$0000000C          0x08000210   Section        0  __rtentry2.o(.ARM.Collect$$rtentry$$0000000C)
    .ARM.Collect$$rtentry$$0000000D          0x08000210   Section        8  __rtentry2.o(.ARM.Collect$$rtentry$$0000000D)
    .ARM.Collect$$rtexit$$00000000           0x08000218   Section        2  rtexit.o(.ARM.Collect$$rtexit$$00000000)
    .ARM.Collect$$rtexit$$00000002           0x0800021a   Section        0  rtexit2.o(.ARM.Collect$$rtexit$$00000002)
    .ARM.Collect$$rtexit$$00000003           0x0800021a   Section        4  rtexit2.o(.ARM.Collect$$rtexit$$00000003)
    .ARM.Collect$$rtexit$$00000004           0x0800021e   Section        6  rtexit2.o(.ARM.Collect$$rtexit$$00000004)
    .text                                    0x08000224   Section        0  main.o(.text)
    .text                                    0x080004a4   Section        0  stm32f10x_it.o(.text)
    .text                                    0x080004c0   Section        0  system_stm32f10x.o(.text)
    SetSysClockTo72                          0x080004c1   Thumb Code   214  system_stm32f10x.o(.text)
    SetSysClock                              0x08000597   Thumb Code     8  system_stm32f10x.o(.text)
    .text                                    0x080006a0   Section        0  led.o(.text)
    .text                                    0x080006d8   Section        0  oled.o(.text)
    .text                                    0x08000c6c   Section        0  bsp_i2c_gpio.o(.text)
    i2c_Delay                                0x08000c6d   Thumb Code    14  bsp_i2c_gpio.o(.text)
    i2c_CfgGpio                              0x08000e25   Thumb Code    44  bsp_i2c_gpio.o(.text)
    .text                                    0x08000e74   Section        0  sht30.o(.text)
    .text                                    0x08000fac   Section        0  mcu_api.o(.text)
    .text                                    0x080015e8   Section        0  protocol.o(.text)
    .text                                    0x08001648   Section        0  system.o(.text)
    wifi_uart_write_data                     0x08001693   Thumb Code    36  system.o(.text)
    heat_beat_check                          0x08001703   Thumb Code    50  system.o(.text)
    product_info_update                      0x08001735   Thumb Code   164  system.o(.text)
    get_mcu_wifi_mode                        0x080017d9   Thumb Code    16  system.o(.text)
    get_dowmload_dpid_index                  0x080017e9   Thumb Code    40  system.o(.text)
    data_point_handle                        0x08001811   Thumb Code    70  system.o(.text)
    .text                                    0x080019d0   Section        0  key.o(.text)
    .text                                    0x08001a68   Section        0  rtc.o(.text)
    RTC_NVIC_Config                          0x08001a69   Thumb Code    32  rtc.o(.text)
    .text                                    0x08001b98   Section        0  delay.o(.text)
    .text                                    0x08001c6c   Section        0  usart.o(.text)
    .text                                    0x08001d5c   Section       64  startup_stm32f10x_hd.o(.text)
    .text                                    0x08001d9c   Section        0  stm32f10x_gpio.o(.text)
    .text                                    0x080020f8   Section        0  stm32f10x_rcc.o(.text)
    .text                                    0x0800249c   Section        0  stm32f10x_usart.o(.text)
    .text                                    0x080028a4   Section        0  misc.o(.text)
    .text                                    0x08002980   Section        0  stm32f10x_pwr.o(.text)
    .text                                    0x08002a4c   Section        0  stm32f10x_bkp.o(.text)
    .text                                    0x08002b10   Section        0  stm32f10x_rtc.o(.text)
    .text                                    0x08002c58   Section        2  use_no_semi_2.o(.text)
    .text                                    0x08002c5c   Section        0  noretval__2sprintf.o(.text)
    .text                                    0x08002c84   Section        0  __printf_wp.o(.text)
    .text                                    0x08002d92   Section        0  heapauxi.o(.text)
    .text                                    0x08002d98   Section        2  use_no_semi.o(.text)
    .text                                    0x08002d9a   Section        0  _printf_fp_dec.o(.text)
    _fp_digits                               0x08002d9d   Thumb Code   432  _printf_fp_dec.o(.text)
    .text                                    0x080031b8   Section        0  _printf_char_common.o(.text)
    _printf_input_char                       0x080031b9   Thumb Code    10  _printf_char_common.o(.text)
    .text                                    0x080031e8   Section        0  _sputc.o(.text)
    .text                                    0x080031f4   Section        8  rt_locale_intlibspace.o(.text)
    .text                                    0x080031fc   Section      138  lludiv10.o(.text)
    .text                                    0x08003288   Section        0  _printf_fp_infnan.o(.text)
    .text                                    0x08003308   Section        0  bigflt0.o(.text)
    .text                                    0x080033ec   Section        8  libspace.o(.text)
    .text                                    0x080033f4   Section       74  sys_stackheap_outer.o(.text)
    .text                                    0x0800343e   Section        0  exit.o(.text)
    .text                                    0x08003450   Section      128  strcmpv7m.o(.text)
    CL$$btod_d2e                             0x080034d0   Section       62  btod.o(CL$$btod_d2e)
    CL$$btod_d2e_denorm_low                  0x0800350e   Section       70  btod.o(CL$$btod_d2e_denorm_low)
    CL$$btod_d2e_norm_op1                    0x08003554   Section       96  btod.o(CL$$btod_d2e_norm_op1)
    CL$$btod_div_common                      0x080035b4   Section      824  btod.o(CL$$btod_div_common)
    CL$$btod_e2e                             0x080038ec   Section      220  btod.o(CL$$btod_e2e)
    CL$$btod_ediv                            0x080039c8   Section       42  btod.o(CL$$btod_ediv)
    CL$$btod_emul                            0x080039f2   Section       42  btod.o(CL$$btod_emul)
    CL$$btod_mult_common                     0x08003a1c   Section      580  btod.o(CL$$btod_mult_common)
    i.__ARM_fpclassify                       0x08003c60   Section        0  fpclassify.o(i.__ARM_fpclassify)
    i._is_digit                              0x08003c88   Section        0  __printf_wp.o(i._is_digit)
    locale$$code                             0x08003c98   Section       44  lc_numeric_c.o(locale$$code)
    x$fpl$dretinf                            0x08003cc4   Section       12  dretinf.o(x$fpl$dretinf)
    x$fpl$f2d                                0x08003cd0   Section       86  f2d.o(x$fpl$f2d)
    x$fpl$fadd                               0x08003d28   Section      196  faddsub_clz.o(x$fpl$fadd)
    _fadd1                                   0x08003d37   Thumb Code     0  faddsub_clz.o(x$fpl$fadd)
    x$fpl$fdiv                               0x08003dec   Section      388  fdiv.o(x$fpl$fdiv)
    _fdiv1                                   0x08003ded   Thumb Code     0  fdiv.o(x$fpl$fdiv)
    x$fpl$ffixu                              0x08003f70   Section       62  ffixu.o(x$fpl$ffixu)
    x$fpl$fflt                               0x08003fb0   Section       48  fflt_clz.o(x$fpl$fflt)
    x$fpl$fmul                               0x08003fe0   Section      258  fmul.o(x$fpl$fmul)
    x$fpl$fnaninf                            0x080040e2   Section      140  fnaninf.o(x$fpl$fnaninf)
    x$fpl$fretinf                            0x0800416e   Section       10  fretinf.o(x$fpl$fretinf)
    x$fpl$fsub                               0x08004178   Section      234  faddsub_clz.o(x$fpl$fsub)
    _fsub1                                   0x08004187   Thumb Code     0  faddsub_clz.o(x$fpl$fsub)
    x$fpl$printf1                            0x08004262   Section        4  printf1.o(x$fpl$printf1)
    .constdata                               0x08004266   Section     2072  oled.o(.constdata)
    x$fpl$usenofp                            0x08004266   Section        0  usenofp.o(x$fpl$usenofp)
    .constdata                               0x08004a7e   Section        4  protocol.o(.constdata)
    .constdata                               0x08004a84   Section      148  bigflt0.o(.constdata)
    tenpwrs_x                                0x08004a84   Data          60  bigflt0.o(.constdata)
    tenpwrs_i                                0x08004ac0   Data          64  bigflt0.o(.constdata)
    locale$$data                             0x08004b38   Section       28  lc_numeric_c.o(locale$$data)
    __lcnum_c_name                           0x08004b3c   Data           2  lc_numeric_c.o(locale$$data)
    __lcnum_c_start                          0x08004b44   Data           0  lc_numeric_c.o(locale$$data)
    __lcnum_c_point                          0x08004b50   Data           0  lc_numeric_c.o(locale$$data)
    __lcnum_c_thousands                      0x08004b52   Data           0  lc_numeric_c.o(locale$$data)
    __lcnum_c_grouping                       0x08004b53   Data           0  lc_numeric_c.o(locale$$data)
    __lcnum_c_end                            0x08004b54   Data           0  lc_numeric_c.o(locale$$data)
    .data                                    0x20000000   Section       20  system_stm32f10x.o(.data)
    .data                                    0x20000014   Section      384  oled.o(.data)
    .data                                    0x20000194   Section       16  sht30.o(.data)
    .data                                    0x200001a4   Section        2  mcu_api.o(.data)
    rx_in                                    0x200001a4   Data           2  mcu_api.o(.data)
    .data                                    0x200001a8   Section       13  system.o(.data)
    mcu_reset_state                          0x200001b4   Data           1  system.o(.data)
    .data                                    0x200001b5   Section        1  key.o(.data)
    key_up                                   0x200001b5   Data           1  key.o(.data)
    .data                                    0x200001b6   Section        2  rtc.o(.data)
    .data                                    0x200001b8   Section        4  delay.o(.data)
    fac_us                                   0x200001b8   Data           1  delay.o(.data)
    fac_ms                                   0x200001ba   Data           2  delay.o(.data)
    .data                                    0x200001bc   Section       20  stm32f10x_rcc.o(.data)
    APBAHBPrescTable                         0x200001bc   Data          16  stm32f10x_rcc.o(.data)
    ADCPrescTable                            0x200001cc   Data           4  stm32f10x_rcc.o(.data)
    .bss                                     0x200001d0   Section      109  system.o(.bss)
    .bss                                     0x20000240   Section       96  libspace.o(.bss)
    HEAP                                     0x200002a0   Section      512  startup_stm32f10x_hd.o(HEAP)
    Heap_Mem                                 0x200002a0   Data         512  startup_stm32f10x_hd.o(HEAP)
    STACK                                    0x200004a0   Section     1024  startup_stm32f10x_hd.o(STACK)
    Stack_Mem                                0x200004a0   Data        1024  startup_stm32f10x_hd.o(STACK)
    __initial_sp                             0x200008a0   Data           0  startup_stm32f10x_hd.o(STACK)

    Global Symbols

    Symbol Name                              Value     Ov Type        Size  Object(Section)

    BuildAttributes$$THM_ISAv4$P$D$K$B$S$PE$A:L22UL41UL21$X:L11$S22US41US21$IEEE1$IW$USESV6$~STKCKD$USESV7$~SHL$OTIME$ROPI$IEEEJ$EBA8$UX$STANDARDLIB$REQ8$PRES8$EABIv2 0x00000000   Number         0  anon$$obj.o ABSOLUTE
    __ARM_use_no_argv                        0x00000000   Number         0  main.o ABSOLUTE
    _printf_flags                            0x00000000   Number         0  printf_stubs.o ABSOLUTE
    _printf_return_value                     0x00000000   Number         0  printf_stubs.o ABSOLUTE
    _printf_sizespec                         0x00000000   Number         0  printf_stubs.o ABSOLUTE
    _printf_widthprec                        0x00000000   Number         0  printf_stubs.o ABSOLUTE
    __ARM_exceptions_init                     - Undefined Weak Reference
    __alloca_initialize                       - Undefined Weak Reference
    __arm_preinit_                            - Undefined Weak Reference
    __cpp_initialize__aeabi_                  - Undefined Weak Reference
    __cxa_finalize                            - Undefined Weak Reference
    __sigvec_lookup                           - Undefined Weak Reference
    _atexit_init                              - Undefined Weak Reference
    _call_atexit_fns                          - Undefined Weak Reference
    _clock_init                               - Undefined Weak Reference
    _fp_trap_init                             - Undefined Weak Reference
    _fp_trap_shutdown                         - Undefined Weak Reference
    _get_lc_collate                           - Undefined Weak Reference
    _get_lc_ctype                             - Undefined Weak Reference
    _get_lc_monetary                          - Undefined Weak Reference
    _get_lc_time                              - Undefined Weak Reference
    _getenv_init                              - Undefined Weak Reference
    _handle_redirection                       - Undefined Weak Reference
    _init_alloc                               - Undefined Weak Reference
    _init_user_alloc                          - Undefined Weak Reference
    _initio                                   - Undefined Weak Reference
    _printf_post_padding                      - Undefined Weak Reference
    _printf_pre_padding                       - Undefined Weak Reference
    _rand_init                                - Undefined Weak Reference
    _signal_finish                            - Undefined Weak Reference
    _signal_init                              - Undefined Weak Reference
    _terminate_alloc                          - Undefined Weak Reference
    _terminate_user_alloc                     - Undefined Weak Reference
    _terminateio                              - Undefined Weak Reference
    __Vectors_Size                           0x00000130   Number         0  startup_stm32f10x_hd.o ABSOLUTE
    __Vectors                                0x08000000   Data           4  startup_stm32f10x_hd.o(RESET)
    __Vectors_End                            0x08000130   Data           0  startup_stm32f10x_hd.o(RESET)
    __main                                   0x08000131   Thumb Code     8  __main.o(!!!main)
    __scatterload                            0x08000139   Thumb Code     0  __scatter.o(!!!scatter)
    __scatterload_rt2                        0x08000139   Thumb Code    44  __scatter.o(!!!scatter)
    __scatterload_rt2_thumb_only             0x08000139   Thumb Code     0  __scatter.o(!!!scatter)
    __scatterload_null                       0x08000147   Thumb Code     0  __scatter.o(!!!scatter)
    __decompress                             0x0800016d   Thumb Code    90  __dczerorl2.o(!!dczerorl2)
    __decompress1                            0x0800016d   Thumb Code     0  __dczerorl2.o(!!dczerorl2)
    __scatterload_zeroinit                   0x080001c9   Thumb Code    28  __scatter_zi.o(!!handler_zi)
    _printf_f                                0x080001e5   Thumb Code     0  _printf_f.o(.ARM.Collect$$_printf_percent$$00000003)
    _printf_percent                          0x080001e5   Thumb Code     0  _printf_percent.o(.ARM.Collect$$_printf_percent$$00000000)
    _printf_percent_end                      0x080001eb   Thumb Code     0  _printf_percent_end.o(.ARM.Collect$$_printf_percent$$00000017)
    __rt_lib_init                            0x080001ef   Thumb Code     0  libinit.o(.ARM.Collect$$libinit$$00000000)
    __rt_lib_init_fp_1                       0x080001f1   Thumb Code     0  libinit2.o(.ARM.Collect$$libinit$$00000002)
    __rt_lib_init_heap_1                     0x080001f1   Thumb Code     0  libinit2.o(.ARM.Collect$$libinit$$0000000A)
    __rt_lib_init_lc_common                  0x080001f1   Thumb Code     0  libinit2.o(.ARM.Collect$$libinit$$0000000F)
    __rt_lib_init_preinit_1                  0x080001f1   Thumb Code     0  libinit2.o(.ARM.Collect$$libinit$$00000004)
    __rt_lib_init_rand_1                     0x080001f1   Thumb Code     0  libinit2.o(.ARM.Collect$$libinit$$0000000E)
    __rt_lib_init_user_alloc_1               0x080001f1   Thumb Code     0  libinit2.o(.ARM.Collect$$libinit$$0000000C)
    __rt_lib_init_lc_collate_1               0x080001f7   Thumb Code     0  libinit2.o(.ARM.Collect$$libinit$$00000011)
    __rt_lib_init_lc_ctype_1                 0x080001f7   Thumb Code     0  libinit2.o(.ARM.Collect$$libinit$$00000013)
    __rt_lib_init_lc_monetary_1              0x080001f7   Thumb Code     0  libinit2.o(.ARM.Collect$$libinit$$00000015)
    __rt_lib_init_lc_numeric_2               0x080001f7   Thumb Code     0  libinit2.o(.ARM.Collect$$libinit$$00000016)
    __rt_lib_init_alloca_1                   0x08000201   Thumb Code     0  libinit2.o(.ARM.Collect$$libinit$$0000002E)
    __rt_lib_init_argv_1                     0x08000201   Thumb Code     0  libinit2.o(.ARM.Collect$$libinit$$0000002C)
    __rt_lib_init_atexit_1                   0x08000201   Thumb Code     0  libinit2.o(.ARM.Collect$$libinit$$0000001B)
    __rt_lib_init_clock_1                    0x08000201   Thumb Code     0  libinit2.o(.ARM.Collect$$libinit$$00000021)
    __rt_lib_init_cpp_1                      0x08000201   Thumb Code     0  libinit2.o(.ARM.Collect$$libinit$$00000032)
    __rt_lib_init_exceptions_1               0x08000201   Thumb Code     0  libinit2.o(.ARM.Collect$$libinit$$00000030)
    __rt_lib_init_fp_trap_1                  0x08000201   Thumb Code     0  libinit2.o(.ARM.Collect$$libinit$$0000001F)
    __rt_lib_init_getenv_1                   0x08000201   Thumb Code     0  libinit2.o(.ARM.Collect$$libinit$$00000023)
    __rt_lib_init_lc_numeric_1               0x08000201   Thumb Code     0  libinit2.o(.ARM.Collect$$libinit$$00000017)
    __rt_lib_init_lc_time_1                  0x08000201   Thumb Code     0  libinit2.o(.ARM.Collect$$libinit$$00000019)
    __rt_lib_init_return                     0x08000201   Thumb Code     0  libinit2.o(.ARM.Collect$$libinit$$00000033)
    __rt_lib_init_signal_1                   0x08000201   Thumb Code     0  libinit2.o(.ARM.Collect$$libinit$$0000001D)
    __rt_lib_init_stdio_1                    0x08000201   Thumb Code     0  libinit2.o(.ARM.Collect$$libinit$$00000025)
    __rt_lib_shutdown                        0x08000203   Thumb Code     0  libshutdown.o(.ARM.Collect$$libshutdown$$00000000)
    __rt_lib_shutdown_cpp_1                  0x08000205   Thumb Code     0  libshutdown2.o(.ARM.Collect$$libshutdown$$00000002)
    __rt_lib_shutdown_fp_trap_1              0x08000205   Thumb Code     0  libshutdown2.o(.ARM.Collect$$libshutdown$$00000007)
    __rt_lib_shutdown_heap_1                 0x08000205   Thumb Code     0  libshutdown2.o(.ARM.Collect$$libshutdown$$0000000F)
    __rt_lib_shutdown_return                 0x08000205   Thumb Code     0  libshutdown2.o(.ARM.Collect$$libshutdown$$00000010)
    __rt_lib_shutdown_signal_1               0x08000205   Thumb Code     0  libshutdown2.o(.ARM.Collect$$libshutdown$$0000000A)
    __rt_lib_shutdown_stdio_1                0x08000205   Thumb Code     0  libshutdown2.o(.ARM.Collect$$libshutdown$$00000004)
    __rt_lib_shutdown_user_alloc_1           0x08000205   Thumb Code     0  libshutdown2.o(.ARM.Collect$$libshutdown$$0000000C)
    __rt_entry                               0x08000207   Thumb Code     0  __rtentry.o(.ARM.Collect$$rtentry$$00000000)
    __rt_entry_presh_1                       0x08000207   Thumb Code     0  __rtentry2.o(.ARM.Collect$$rtentry$$00000002)
    __rt_entry_sh                            0x08000207   Thumb Code     0  __rtentry4.o(.ARM.Collect$$rtentry$$00000004)
    __rt_entry_li                            0x0800020d   Thumb Code     0  __rtentry2.o(.ARM.Collect$$rtentry$$0000000A)
    __rt_entry_postsh_1                      0x0800020d   Thumb Code     0  __rtentry2.o(.ARM.Collect$$rtentry$$00000009)
    __rt_entry_main                          0x08000211   Thumb Code     0  __rtentry2.o(.ARM.Collect$$rtentry$$0000000D)
    __rt_entry_postli_1                      0x08000211   Thumb Code     0  __rtentry2.o(.ARM.Collect$$rtentry$$0000000C)
    __rt_exit                                0x08000219   Thumb Code     0  rtexit.o(.ARM.Collect$$rtexit$$00000000)
    __rt_exit_ls                             0x0800021b   Thumb Code     0  rtexit2.o(.ARM.Collect$$rtexit$$00000003)
    __rt_exit_prels_1                        0x0800021b   Thumb Code     0  rtexit2.o(.ARM.Collect$$rtexit$$00000002)
    __rt_exit_exit                           0x0800021f   Thumb Code     0  rtexit2.o(.ARM.Collect$$rtexit$$00000004)
    main                                     0x08000225   Thumb Code   502  main.o(.text)
    NMI_Handler                              0x080004a5   Thumb Code     2  stm32f10x_it.o(.text)
    HardFault_Handler                        0x080004a7   Thumb Code     4  stm32f10x_it.o(.text)
    MemManage_Handler                        0x080004ab   Thumb Code     4  stm32f10x_it.o(.text)
    BusFault_Handler                         0x080004af   Thumb Code     4  stm32f10x_it.o(.text)
    UsageFault_Handler                       0x080004b3   Thumb Code     4  stm32f10x_it.o(.text)
    SVC_Handler                              0x080004b7   Thumb Code     2  stm32f10x_it.o(.text)
    DebugMon_Handler                         0x080004b9   Thumb Code     2  stm32f10x_it.o(.text)
    PendSV_Handler                           0x080004bb   Thumb Code     2  stm32f10x_it.o(.text)
    SysTick_Handler                          0x080004bd   Thumb Code     2  stm32f10x_it.o(.text)
    SystemInit                               0x0800059f   Thumb Code    78  system_stm32f10x.o(.text)
    SystemCoreClockUpdate                    0x080005ed   Thumb Code   142  system_stm32f10x.o(.text)
    LED_Init                                 0x080006a1   Thumb Code    50  led.o(.text)
    IIC_Start                                0x080006d9   Thumb Code    36  oled.o(.text)
    IIC_Stop                                 0x080006fd   Thumb Code    28  oled.o(.text)
    IIC_Wait_Ack                             0x08000719   Thumb Code    20  oled.o(.text)
    Write_IIC_Byte                           0x0800072d   Thumb Code    80  oled.o(.text)
    Write_IIC_Command                        0x0800077d   Thumb Code    44  oled.o(.text)
    Write_IIC_Data                           0x080007a9   Thumb Code    44  oled.o(.text)
    OLED_WR_Byte                             0x080007d5   Thumb Code    24  oled.o(.text)
    fill_picture                             0x080007ed   Thumb Code    64  oled.o(.text)
    OLED_Set_Pos                             0x0800082d   Thumb Code    40  oled.o(.text)
    OLED_Display_On                          0x08000855   Thumb Code    28  oled.o(.text)
    OLED_Display_Off                         0x08000871   Thumb Code    28  oled.o(.text)
    OLED_Clear                               0x0800088d   Thumb Code    62  oled.o(.text)
    OLED_On                                  0x080008cb   Thumb Code    62  oled.o(.text)
    OLED_ShowChar                            0x08000909   Thumb Code   154  oled.o(.text)
    oled_pow                                 0x080009a3   Thumb Code    22  oled.o(.text)
    OLED_ShowNum                             0x080009b9   Thumb Code   136  oled.o(.text)
    OLED_ShowString                          0x08000a41   Thumb Code    58  oled.o(.text)
    OLED_ShowCHinese                         0x08000a7b   Thumb Code   116  oled.o(.text)
    OLED_DrawBMP                             0x08000aef   Thumb Code   118  oled.o(.text)
    OLED_Init                                0x08000b65   Thumb Code   254  oled.o(.text)
    i2c_Start                                0x08000c7b   Thumb Code    56  bsp_i2c_gpio.o(.text)
    i2c_Stop                                 0x08000cb3   Thumb Code    38  bsp_i2c_gpio.o(.text)
    i2c_SendByte                             0x08000cd9   Thumb Code    96  bsp_i2c_gpio.o(.text)
    i2c_ReadByte                             0x08000d39   Thumb Code    68  bsp_i2c_gpio.o(.text)
    i2c_WaitAck                              0x08000d7d   Thumb Code    66  bsp_i2c_gpio.o(.text)
    i2c_Ack                                  0x08000dbf   Thumb Code    56  bsp_i2c_gpio.o(.text)
    i2c_NAck                                 0x08000df7   Thumb Code    46  bsp_i2c_gpio.o(.text)
    i2c_CheckDevice                          0x08000e51   Thumb Code    32  bsp_i2c_gpio.o(.text)
    Sht30_Init                               0x08000e75   Thumb Code    16  sht30.o(.text)
    Sht30_WriteCmd                           0x08000e85   Thumb Code    64  sht30.o(.text)
    Sht30_ReadData                           0x08000ec5   Thumb Code   102  sht30.o(.text)
    Convert_sht30                            0x08000f2b   Thumb Code   100  sht30.o(.text)
    hex_to_bcd                               0x08000fad   Thumb Code   108  mcu_api.o(.text)
    my_strlen                                0x08001019   Thumb Code    28  mcu_api.o(.text)
    my_memset                                0x08001035   Thumb Code    34  mcu_api.o(.text)
    my_memcpy                                0x08001057   Thumb Code    68  mcu_api.o(.text)
    my_strcpy                                0x0800109b   Thumb Code    34  mcu_api.o(.text)
    my_strcmp                                0x080010bd   Thumb Code    32  mcu_api.o(.text)
    int_to_byte                              0x080010dd   Thumb Code    16  mcu_api.o(.text)
    byte_to_int                              0x080010ed   Thumb Code    26  mcu_api.o(.text)
    mcu_dp_raw_update                        0x08001107   Thumb Code   112  mcu_api.o(.text)
    mcu_dp_bool_update                       0x08001177   Thumb Code    96  mcu_api.o(.text)
    mcu_dp_value_update                      0x080011d7   Thumb Code   116  mcu_api.o(.text)
    mcu_dp_string_update                     0x0800124b   Thumb Code   112  mcu_api.o(.text)
    mcu_dp_enum_update                       0x080012bb   Thumb Code    82  mcu_api.o(.text)
    mcu_dp_fault_update                      0x0800130d   Thumb Code   194  mcu_api.o(.text)
    mcu_get_dp_download_bool                 0x080013cf   Thumb Code     6  mcu_api.o(.text)
    mcu_get_dp_download_enum                 0x080013d5   Thumb Code     6  mcu_api.o(.text)
    mcu_get_dp_download_value                0x080013db   Thumb Code    14  mcu_api.o(.text)
    uart_receive_input                       0x080013e9   Thumb Code    74  mcu_api.o(.text)
    uart_receive_buff_input                  0x08001433   Thumb Code    28  mcu_api.o(.text)
    wifi_uart_service                        0x0800144f   Thumb Code   262  mcu_api.o(.text)
    wifi_protocol_init                       0x08001555   Thumb Code    24  mcu_api.o(.text)
    mcu_get_reset_wifi_flag                  0x0800156d   Thumb Code     6  mcu_api.o(.text)
    mcu_reset_wifi                           0x08001573   Thumb Code    20  mcu_api.o(.text)
    mcu_get_wifimode_flag                    0x08001587   Thumb Code     6  mcu_api.o(.text)
    mcu_set_wifi_mode                        0x0800158d   Thumb Code    34  mcu_api.o(.text)
    mcu_get_wifi_work_state                  0x080015af   Thumb Code     6  mcu_api.o(.text)
    mcu_start_wifitest                       0x080015b5   Thumb Code    14  mcu_api.o(.text)
    uart_transmit_output                     0x080015e9   Thumb Code    12  protocol.o(.text)
    all_data_update                          0x080015f5   Thumb Code    48  protocol.o(.text)
    dp_download_handle                       0x08001625   Thumb Code    10  protocol.o(.text)
    get_download_cmd_total                   0x0800162f   Thumb Code     4  protocol.o(.text)
    wifi_test_result                         0x08001633   Thumb Code     8  protocol.o(.text)
    set_wifi_uart_byte                       0x08001649   Thumb Code    12  system.o(.text)
    set_wifi_uart_buffer                     0x08001655   Thumb Code    34  system.o(.text)
    get_check_sum                            0x08001677   Thumb Code    28  system.o(.text)
    wifi_uart_write_frame                    0x080016b7   Thumb Code    76  system.o(.text)
    data_handle                              0x08001857   Thumb Code   210  system.o(.text)
    with_data_rxbuff                         0x08001929   Thumb Code    20  system.o(.text)
    take_byte_rxbuff                         0x0800193d   Thumb Code    46  system.o(.text)
    KEY_Init                                 0x080019d1   Thumb Code    32  key.o(.text)
    KEY_Scan                                 0x080019f1   Thumb Code   110  key.o(.text)
    RTC_Init                                 0x08001a89   Thumb Code   166  rtc.o(.text)
    RTC_IRQHandler                           0x08001b2f   Thumb Code    90  rtc.o(.text)
    delay_init                               0x08001b99   Thumb Code    50  delay.o(.text)
    delay_us                                 0x08001bcb   Thumb Code    72  delay.o(.text)
    delay_ms                                 0x08001c13   Thumb Code    72  delay.o(.text)
    _sys_exit                                0x08001c6d   Thumb Code     6  usart.o(.text)
    fputc                                    0x08001c73   Thumb Code    24  usart.o(.text)
    uart_init                                0x08001c8b   Thumb Code   152  usart.o(.text)
    USART1_IRQHandler                        0x08001d23   Thumb Code    28  usart.o(.text)
    USART1_SendByte                          0x08001d3f   Thumb Code    22  usart.o(.text)
    Reset_Handler                            0x08001d5d   Thumb Code     8  startup_stm32f10x_hd.o(.text)
    ADC1_2_IRQHandler                        0x08001d77   Thumb Code     0  startup_stm32f10x_hd.o(.text)
    ADC3_IRQHandler                          0x08001d77   Thumb Code     0  startup_stm32f10x_hd.o(.text)
    CAN1_RX1_IRQHandler                      0x08001d77   Thumb Code     0  startup_stm32f10x_hd.o(.text)
    CAN1_SCE_IRQHandler                      0x08001d77   Thumb Code     0  startup_stm32f10x_hd.o(.text)
    DMA1_Channel1_IRQHandler                 0x08001d77   Thumb Code     0  startup_stm32f10x_hd.o(.text)
    DMA1_Channel2_IRQHandler                 0x08001d77   Thumb Code     0  startup_stm32f10x_hd.o(.text)
    DMA1_Channel3_IRQHandler                 0x08001d77   Thumb Code     0  startup_stm32f10x_hd.o(.text)
    DMA1_Channel4_IRQHandler                 0x08001d77   Thumb Code     0  startup_stm32f10x_hd.o(.text)
    DMA1_Channel5_IRQHandler                 0x08001d77   Thumb Code     0  startup_stm32f10x_hd.o(.text)
    DMA1_Channel6_IRQHandler                 0x08001d77   Thumb Code     0  startup_stm32f10x_hd.o(.text)
    DMA1_Channel7_IRQHandler                 0x08001d77   Thumb Code     0  startup_stm32f10x_hd.o(.text)
    DMA2_Channel1_IRQHandler                 0x08001d77   Thumb Code     0  startup_stm32f10x_hd.o(.text)
    DMA2_Channel2_IRQHandler                 0x08001d77   Thumb Code     0  startup_stm32f10x_hd.o(.text)
    DMA2_Channel3_IRQHandler                 0x08001d77   Thumb Code     0  startup_stm32f10x_hd.o(.text)
    DMA2_Channel4_5_IRQHandler               0x08001d77   Thumb Code     0  startup_stm32f10x_hd.o(.text)
    EXTI0_IRQHandler                         0x08001d77   Thumb Code     0  startup_stm32f10x_hd.o(.text)
    EXTI15_10_IRQHandler                     0x08001d77   Thumb Code     0  startup_stm32f10x_hd.o(.text)
    EXTI1_IRQHandler                         0x08001d77   Thumb Code     0  startup_stm32f10x_hd.o(.text)
    EXTI2_IRQHandler                         0x08001d77   Thumb Code     0  startup_stm32f10x_hd.o(.text)
    EXTI3_IRQHandler                         0x08001d77   Thumb Code     0  startup_stm32f10x_hd.o(.text)
    EXTI4_IRQHandler                         0x08001d77   Thumb Code     0  startup_stm32f10x_hd.o(.text)
    EXTI9_5_IRQHandler                       0x08001d77   Thumb Code     0  startup_stm32f10x_hd.o(.text)
    FLASH_IRQHandler                         0x08001d77   Thumb Code     0  startup_stm32f10x_hd.o(.text)
    FSMC_IRQHandler                          0x08001d77   Thumb Code     0  startup_stm32f10x_hd.o(.text)
    I2C1_ER_IRQHandler                       0x08001d77   Thumb Code     0  startup_stm32f10x_hd.o(.text)
    I2C1_EV_IRQHandler                       0x08001d77   Thumb Code     0  startup_stm32f10x_hd.o(.text)
    I2C2_ER_IRQHandler                       0x08001d77   Thumb Code     0  startup_stm32f10x_hd.o(.text)
    I2C2_EV_IRQHandler                       0x08001d77   Thumb Code     0  startup_stm32f10x_hd.o(.text)
    PVD_IRQHandler                           0x08001d77   Thumb Code     0  startup_stm32f10x_hd.o(.text)
    RCC_IRQHandler                           0x08001d77   Thumb Code     0  startup_stm32f10x_hd.o(.text)
    RTCAlarm_IRQHandler                      0x08001d77   Thumb Code     0  startup_stm32f10x_hd.o(.text)
    SDIO_IRQHandler                          0x08001d77   Thumb Code     0  startup_stm32f10x_hd.o(.text)
    SPI1_IRQHandler                          0x08001d77   Thumb Code     0  startup_stm32f10x_hd.o(.text)
    SPI2_IRQHandler                          0x08001d77   Thumb Code     0  startup_stm32f10x_hd.o(.text)
    SPI3_IRQHandler                          0x08001d77   Thumb Code     0  startup_stm32f10x_hd.o(.text)
    TAMPER_IRQHandler                        0x08001d77   Thumb Code     0  startup_stm32f10x_hd.o(.text)
    TIM1_BRK_IRQHandler                      0x08001d77   Thumb Code     0  startup_stm32f10x_hd.o(.text)
    TIM1_CC_IRQHandler                       0x08001d77   Thumb Code     0  startup_stm32f10x_hd.o(.text)
    TIM1_TRG_COM_IRQHandler                  0x08001d77   Thumb Code     0  startup_stm32f10x_hd.o(.text)
    TIM1_UP_IRQHandler                       0x08001d77   Thumb Code     0  startup_stm32f10x_hd.o(.text)
    TIM2_IRQHandler                          0x08001d77   Thumb Code     0  startup_stm32f10x_hd.o(.text)
    TIM3_IRQHandler                          0x08001d77   Thumb Code     0  startup_stm32f10x_hd.o(.text)
    TIM4_IRQHandler                          0x08001d77   Thumb Code     0  startup_stm32f10x_hd.o(.text)
    TIM5_IRQHandler                          0x08001d77   Thumb Code     0  startup_stm32f10x_hd.o(.text)
    TIM6_IRQHandler                          0x08001d77   Thumb Code     0  startup_stm32f10x_hd.o(.text)
    TIM7_IRQHandler                          0x08001d77   Thumb Code     0  startup_stm32f10x_hd.o(.text)
    TIM8_BRK_IRQHandler                      0x08001d77   Thumb Code     0  startup_stm32f10x_hd.o(.text)
    TIM8_CC_IRQHandler                       0x08001d77   Thumb Code     0  startup_stm32f10x_hd.o(.text)
    TIM8_TRG_COM_IRQHandler                  0x08001d77   Thumb Code     0  startup_stm32f10x_hd.o(.text)
    TIM8_UP_IRQHandler                       0x08001d77   Thumb Code     0  startup_stm32f10x_hd.o(.text)
    UART4_IRQHandler                         0x08001d77   Thumb Code     0  startup_stm32f10x_hd.o(.text)
    UART5_IRQHandler                         0x08001d77   Thumb Code     0  startup_stm32f10x_hd.o(.text)
    USART2_IRQHandler                        0x08001d77   Thumb Code     0  startup_stm32f10x_hd.o(.text)
    USART3_IRQHandler                        0x08001d77   Thumb Code     0  startup_stm32f10x_hd.o(.text)
    USBWakeUp_IRQHandler                     0x08001d77   Thumb Code     0  startup_stm32f10x_hd.o(.text)
    USB_HP_CAN1_TX_IRQHandler                0x08001d77   Thumb Code     0  startup_stm32f10x_hd.o(.text)
    USB_LP_CAN1_RX0_IRQHandler               0x08001d77   Thumb Code     0  startup_stm32f10x_hd.o(.text)
    WWDG_IRQHandler                          0x08001d77   Thumb Code     0  startup_stm32f10x_hd.o(.text)
    __user_initial_stackheap                 0x08001d79   Thumb Code     0  startup_stm32f10x_hd.o(.text)
    GPIO_DeInit                              0x08001d9d   Thumb Code   172  stm32f10x_gpio.o(.text)
    GPIO_AFIODeInit                          0x08001e49   Thumb Code    20  stm32f10x_gpio.o(.text)
    GPIO_Init                                0x08001e5d   Thumb Code   278  stm32f10x_gpio.o(.text)
    GPIO_StructInit                          0x08001f73   Thumb Code    16  stm32f10x_gpio.o(.text)
    GPIO_ReadInputDataBit                    0x08001f83   Thumb Code    18  stm32f10x_gpio.o(.text)
    GPIO_ReadInputData                       0x08001f95   Thumb Code     8  stm32f10x_gpio.o(.text)
    GPIO_ReadOutputDataBit                   0x08001f9d   Thumb Code    18  stm32f10x_gpio.o(.text)
    GPIO_ReadOutputData                      0x08001faf   Thumb Code     8  stm32f10x_gpio.o(.text)
    GPIO_SetBits                             0x08001fb7   Thumb Code     4  stm32f10x_gpio.o(.text)
    GPIO_ResetBits                           0x08001fbb   Thumb Code     4  stm32f10x_gpio.o(.text)
    GPIO_WriteBit                            0x08001fbf   Thumb Code    10  stm32f10x_gpio.o(.text)
    GPIO_Write                               0x08001fc9   Thumb Code     4  stm32f10x_gpio.o(.text)
    GPIO_PinLockConfig                       0x08001fcd   Thumb Code    18  stm32f10x_gpio.o(.text)
    GPIO_EventOutputConfig                   0x08001fdf   Thumb Code    26  stm32f10x_gpio.o(.text)
    GPIO_EventOutputCmd                      0x08001ff9   Thumb Code     6  stm32f10x_gpio.o(.text)
    GPIO_PinRemapConfig                      0x08001fff   Thumb Code   138  stm32f10x_gpio.o(.text)
    GPIO_EXTILineConfig                      0x08002089   Thumb Code    66  stm32f10x_gpio.o(.text)
    GPIO_ETH_MediaInterfaceConfig            0x080020cb   Thumb Code     8  stm32f10x_gpio.o(.text)
    RCC_DeInit                               0x080020f9   Thumb Code    64  stm32f10x_rcc.o(.text)
    RCC_HSEConfig                            0x08002139   Thumb Code    70  stm32f10x_rcc.o(.text)
    RCC_GetFlagStatus                        0x0800217f   Thumb Code    56  stm32f10x_rcc.o(.text)
    RCC_WaitForHSEStartUp                    0x080021b7   Thumb Code    56  stm32f10x_rcc.o(.text)
    RCC_AdjustHSICalibrationValue            0x080021ef   Thumb Code    20  stm32f10x_rcc.o(.text)
    RCC_HSICmd                               0x08002203   Thumb Code     6  stm32f10x_rcc.o(.text)
    RCC_PLLConfig                            0x08002209   Thumb Code    24  stm32f10x_rcc.o(.text)
    RCC_PLLCmd                               0x08002221   Thumb Code     6  stm32f10x_rcc.o(.text)
    RCC_SYSCLKConfig                         0x08002227   Thumb Code    18  stm32f10x_rcc.o(.text)
    RCC_GetSYSCLKSource                      0x08002239   Thumb Code    10  stm32f10x_rcc.o(.text)
    RCC_HCLKConfig                           0x08002243   Thumb Code    18  stm32f10x_rcc.o(.text)
    RCC_PCLK1Config                          0x08002255   Thumb Code    18  stm32f10x_rcc.o(.text)
    RCC_PCLK2Config                          0x08002267   Thumb Code    20  stm32f10x_rcc.o(.text)
    RCC_ITConfig                             0x0800227b   Thumb Code    26  stm32f10x_rcc.o(.text)
    RCC_USBCLKConfig                         0x08002295   Thumb Code     8  stm32f10x_rcc.o(.text)
    RCC_ADCCLKConfig                         0x0800229d   Thumb Code    18  stm32f10x_rcc.o(.text)
    RCC_LSEConfig                            0x080022af   Thumb Code    50  stm32f10x_rcc.o(.text)
    RCC_LSICmd                               0x080022e1   Thumb Code     6  stm32f10x_rcc.o(.text)
    RCC_RTCCLKConfig                         0x080022e7   Thumb Code    12  stm32f10x_rcc.o(.text)
    RCC_RTCCLKCmd                            0x080022f3   Thumb Code     8  stm32f10x_rcc.o(.text)
    RCC_GetClocksFreq                        0x080022fb   Thumb Code   192  stm32f10x_rcc.o(.text)
    RCC_AHBPeriphClockCmd                    0x080023bb   Thumb Code    26  stm32f10x_rcc.o(.text)
    RCC_APB2PeriphClockCmd                   0x080023d5   Thumb Code    26  stm32f10x_rcc.o(.text)
    RCC_APB1PeriphClockCmd                   0x080023ef   Thumb Code    26  stm32f10x_rcc.o(.text)
    RCC_APB2PeriphResetCmd                   0x08002409   Thumb Code    26  stm32f10x_rcc.o(.text)
    RCC_APB1PeriphResetCmd                   0x08002423   Thumb Code    26  stm32f10x_rcc.o(.text)
    RCC_BackupResetCmd                       0x0800243d   Thumb Code     8  stm32f10x_rcc.o(.text)
    RCC_ClockSecuritySystemCmd               0x08002445   Thumb Code     6  stm32f10x_rcc.o(.text)
    RCC_MCOConfig                            0x0800244b   Thumb Code     6  stm32f10x_rcc.o(.text)
    RCC_ClearFlag                            0x08002451   Thumb Code    14  stm32f10x_rcc.o(.text)
    RCC_GetITStatus                          0x0800245f   Thumb Code    20  stm32f10x_rcc.o(.text)
    RCC_ClearITPendingBit                    0x08002473   Thumb Code     6  stm32f10x_rcc.o(.text)
    USART_DeInit                             0x0800249d   Thumb Code   134  stm32f10x_usart.o(.text)
    USART_Init                               0x08002523   Thumb Code   210  stm32f10x_usart.o(.text)
    USART_StructInit                         0x080025f5   Thumb Code    24  stm32f10x_usart.o(.text)
    USART_ClockInit                          0x0800260d   Thumb Code    34  stm32f10x_usart.o(.text)
    USART_ClockStructInit                    0x0800262f   Thumb Code    12  stm32f10x_usart.o(.text)
    USART_Cmd                                0x0800263b   Thumb Code    24  stm32f10x_usart.o(.text)
    USART_ITConfig                           0x08002653   Thumb Code    74  stm32f10x_usart.o(.text)
    USART_DMACmd                             0x0800269d   Thumb Code    18  stm32f10x_usart.o(.text)
    USART_SetAddress                         0x080026af   Thumb Code    18  stm32f10x_usart.o(.text)
    USART_WakeUpConfig                       0x080026c1   Thumb Code    18  stm32f10x_usart.o(.text)
    USART_ReceiverWakeUpCmd                  0x080026d3   Thumb Code    24  stm32f10x_usart.o(.text)
    USART_LINBreakDetectLengthConfig         0x080026eb   Thumb Code    18  stm32f10x_usart.o(.text)
    USART_LINCmd                             0x080026fd   Thumb Code    24  stm32f10x_usart.o(.text)
    USART_SendData                           0x08002715   Thumb Code     8  stm32f10x_usart.o(.text)
    USART_ReceiveData                        0x0800271d   Thumb Code    10  stm32f10x_usart.o(.text)
    USART_SendBreak                          0x08002727   Thumb Code    10  stm32f10x_usart.o(.text)
    USART_SetGuardTime                       0x08002731   Thumb Code    16  stm32f10x_usart.o(.text)
    USART_SetPrescaler                       0x08002741   Thumb Code    16  stm32f10x_usart.o(.text)
    USART_SmartCardCmd                       0x08002751   Thumb Code    24  stm32f10x_usart.o(.text)
    USART_SmartCardNACKCmd                   0x08002769   Thumb Code    24  stm32f10x_usart.o(.text)
    USART_HalfDuplexCmd                      0x08002781   Thumb Code    24  stm32f10x_usart.o(.text)
    USART_OverSampling8Cmd                   0x08002799   Thumb Code    22  stm32f10x_usart.o(.text)
    USART_OneBitMethodCmd                    0x080027af   Thumb Code    24  stm32f10x_usart.o(.text)
    USART_IrDAConfig                         0x080027c7   Thumb Code    18  stm32f10x_usart.o(.text)
    USART_IrDACmd                            0x080027d9   Thumb Code    24  stm32f10x_usart.o(.text)
    USART_GetFlagStatus                      0x080027f1   Thumb Code    26  stm32f10x_usart.o(.text)
    USART_ClearFlag                          0x0800280b   Thumb Code    18  stm32f10x_usart.o(.text)
    USART_GetITStatus                        0x0800281d   Thumb Code    84  stm32f10x_usart.o(.text)
    USART_ClearITPendingBit                  0x08002871   Thumb Code    52  stm32f10x_usart.o(.text)
    NVIC_PriorityGroupConfig                 0x080028a5   Thumb Code    10  misc.o(.text)
    NVIC_Init                                0x080028af   Thumb Code   100  misc.o(.text)
    NVIC_SetVectorTable                      0x08002913   Thumb Code    14  misc.o(.text)
    NVIC_SystemLPConfig                      0x08002921   Thumb Code    34  misc.o(.text)
    SysTick_CLKSourceConfig                  0x08002943   Thumb Code    40  misc.o(.text)
    PWR_DeInit                               0x08002981   Thumb Code    22  stm32f10x_pwr.o(.text)
    PWR_BackupAccessCmd                      0x08002997   Thumb Code     6  stm32f10x_pwr.o(.text)
    PWR_PVDCmd                               0x0800299d   Thumb Code     6  stm32f10x_pwr.o(.text)
    PWR_PVDLevelConfig                       0x080029a3   Thumb Code    18  stm32f10x_pwr.o(.text)
    PWR_WakeUpPinCmd                         0x080029b5   Thumb Code     8  stm32f10x_pwr.o(.text)
    PWR_EnterSTOPMode                        0x080029bd   Thumb Code    54  stm32f10x_pwr.o(.text)
    PWR_EnterSTANDBYMode                     0x080029f3   Thumb Code    42  stm32f10x_pwr.o(.text)
    PWR_GetFlagStatus                        0x08002a1d   Thumb Code    20  stm32f10x_pwr.o(.text)
    PWR_ClearFlag                            0x08002a31   Thumb Code    14  stm32f10x_pwr.o(.text)
    BKP_DeInit                               0x08002a4d   Thumb Code    16  stm32f10x_bkp.o(.text)
    BKP_TamperPinLevelConfig                 0x08002a5d   Thumb Code     6  stm32f10x_bkp.o(.text)
    BKP_TamperPinCmd                         0x08002a63   Thumb Code     8  stm32f10x_bkp.o(.text)
    BKP_ITConfig                             0x08002a6b   Thumb Code     8  stm32f10x_bkp.o(.text)
    BKP_RTCOutputConfig                      0x08002a73   Thumb Code    22  stm32f10x_bkp.o(.text)
    BKP_SetRTCCalibrationValue               0x08002a89   Thumb Code    22  stm32f10x_bkp.o(.text)
    BKP_WriteBackupRegister                  0x08002a9f   Thumb Code    24  stm32f10x_bkp.o(.text)
    BKP_ReadBackupRegister                   0x08002ab7   Thumb Code    26  stm32f10x_bkp.o(.text)
    BKP_GetFlagStatus                        0x08002ad1   Thumb Code    10  stm32f10x_bkp.o(.text)
    BKP_ClearFlag                            0x08002adb   Thumb Code    18  stm32f10x_bkp.o(.text)
    BKP_GetITStatus                          0x08002aed   Thumb Code    10  stm32f10x_bkp.o(.text)
    BKP_ClearITPendingBit                    0x08002af7   Thumb Code    18  stm32f10x_bkp.o(.text)
    RTC_ITConfig                             0x08002b11   Thumb Code    26  stm32f10x_rtc.o(.text)
    RTC_EnterConfigMode                      0x08002b2b   Thumb Code    18  stm32f10x_rtc.o(.text)
    RTC_ExitConfigMode                       0x08002b3d   Thumb Code    20  stm32f10x_rtc.o(.text)
    RTC_GetCounter                           0x08002b51   Thumb Code    18  stm32f10x_rtc.o(.text)
    RTC_SetCounter                           0x08002b63   Thumb Code    26  stm32f10x_rtc.o(.text)
    RTC_SetPrescaler                         0x08002b7d   Thumb Code    28  stm32f10x_rtc.o(.text)
    RTC_SetAlarm                             0x08002b99   Thumb Code    26  stm32f10x_rtc.o(.text)
    RTC_GetDivider                           0x08002bb3   Thumb Code    22  stm32f10x_rtc.o(.text)
    RTC_WaitForLastTask                      0x08002bc9   Thumb Code    18  stm32f10x_rtc.o(.text)
    RTC_WaitForSynchro                       0x08002bdb   Thumb Code    36  stm32f10x_rtc.o(.text)
    RTC_GetFlagStatus                        0x08002bff   Thumb Code    22  stm32f10x_rtc.o(.text)
    RTC_ClearFlag                            0x08002c15   Thumb Code    16  stm32f10x_rtc.o(.text)
    RTC_GetITStatus                          0x08002c25   Thumb Code    32  stm32f10x_rtc.o(.text)
    RTC_ClearITPendingBit                    0x08002c45   Thumb Code    16  stm32f10x_rtc.o(.text)
    __use_no_semihosting                     0x08002c59   Thumb Code     2  use_no_semi_2.o(.text)
    __2sprintf                               0x08002c5d   Thumb Code    34  noretval__2sprintf.o(.text)
    __printf                                 0x08002c85   Thumb Code   270  __printf_wp.o(.text)
    __use_two_region_memory                  0x08002d93   Thumb Code     2  heapauxi.o(.text)
    __rt_heap_escrow$2region                 0x08002d95   Thumb Code     2  heapauxi.o(.text)
    __rt_heap_expand$2region                 0x08002d97   Thumb Code     2  heapauxi.o(.text)
    __I$use$semihosting                      0x08002d99   Thumb Code     0  use_no_semi.o(.text)
    __use_no_semihosting_swi                 0x08002d99   Thumb Code     2  use_no_semi.o(.text)
    __lib_sel_fp_printf                      0x08002d9b   Thumb Code     2  _printf_fp_dec.o(.text)
    _printf_fp_dec_real                      0x08002f4d   Thumb Code   620  _printf_fp_dec.o(.text)
    _printf_char_common                      0x080031c3   Thumb Code    32  _printf_char_common.o(.text)
    _sputc                                   0x080031e9   Thumb Code    10  _sputc.o(.text)
    __rt_locale                              0x080031f5   Thumb Code     8  rt_locale_intlibspace.o(.text)
    _ll_udiv10                               0x080031fd   Thumb Code   138  lludiv10.o(.text)
    _printf_fp_infnan                        0x08003289   Thumb Code   112  _printf_fp_infnan.o(.text)
    _btod_etento                             0x08003309   Thumb Code   224  bigflt0.o(.text)
    __user_libspace                          0x080033ed   Thumb Code     8  libspace.o(.text)
    __user_perproc_libspace                  0x080033ed   Thumb Code     0  libspace.o(.text)
    __user_perthread_libspace                0x080033ed   Thumb Code     0  libspace.o(.text)
    __user_setup_stackheap                   0x080033f5   Thumb Code    74  sys_stackheap_outer.o(.text)
    exit                                     0x0800343f   Thumb Code    18  exit.o(.text)
    strcmp                                   0x08003451   Thumb Code   128  strcmpv7m.o(.text)
    _btod_d2e                                0x080034d1   Thumb Code    62  btod.o(CL$$btod_d2e)
    _d2e_denorm_low                          0x0800350f   Thumb Code    70  btod.o(CL$$btod_d2e_denorm_low)
    _d2e_norm_op1                            0x08003555   Thumb Code    96  btod.o(CL$$btod_d2e_norm_op1)
    __btod_div_common                        0x080035b5   Thumb Code   696  btod.o(CL$$btod_div_common)
    _e2e                                     0x080038ed   Thumb Code   220  btod.o(CL$$btod_e2e)
    _btod_ediv                               0x080039c9   Thumb Code    42  btod.o(CL$$btod_ediv)
    _btod_emul                               0x080039f3   Thumb Code    42  btod.o(CL$$btod_emul)
    __btod_mult_common                       0x08003a1d   Thumb Code   580  btod.o(CL$$btod_mult_common)
    __ARM_fpclassify                         0x08003c61   Thumb Code    40  fpclassify.o(i.__ARM_fpclassify)
    _is_digit                                0x08003c89   Thumb Code    14  __printf_wp.o(i._is_digit)
    _get_lc_numeric                          0x08003c99   Thumb Code    44  lc_numeric_c.o(locale$$code)
    __fpl_dretinf                            0x08003cc5   Thumb Code    12  dretinf.o(x$fpl$dretinf)
    __aeabi_f2d                              0x08003cd1   Thumb Code     0  f2d.o(x$fpl$f2d)
    _f2d                                     0x08003cd1   Thumb Code    86  f2d.o(x$fpl$f2d)
    __aeabi_fadd                             0x08003d29   Thumb Code     0  faddsub_clz.o(x$fpl$fadd)
    _fadd                                    0x08003d29   Thumb Code   196  faddsub_clz.o(x$fpl$fadd)
    __aeabi_fdiv                             0x08003ded   Thumb Code     0  fdiv.o(x$fpl$fdiv)
    _fdiv                                    0x08003ded   Thumb Code   384  fdiv.o(x$fpl$fdiv)
    __aeabi_f2uiz                            0x08003f71   Thumb Code     0  ffixu.o(x$fpl$ffixu)
    _ffixu                                   0x08003f71   Thumb Code    62  ffixu.o(x$fpl$ffixu)
    __aeabi_i2f                              0x08003fb1   Thumb Code     0  fflt_clz.o(x$fpl$fflt)
    _fflt                                    0x08003fb1   Thumb Code    48  fflt_clz.o(x$fpl$fflt)
    __aeabi_fmul                             0x08003fe1   Thumb Code     0  fmul.o(x$fpl$fmul)
    _fmul                                    0x08003fe1   Thumb Code   258  fmul.o(x$fpl$fmul)
    __fpl_fnaninf                            0x080040e3   Thumb Code   140  fnaninf.o(x$fpl$fnaninf)
    __fpl_fretinf                            0x0800416f   Thumb Code    10  fretinf.o(x$fpl$fretinf)
    __aeabi_fsub                             0x08004179   Thumb Code     0  faddsub_clz.o(x$fpl$fsub)
    _fsub                                    0x08004179   Thumb Code   234  faddsub_clz.o(x$fpl$fsub)
    _printf_fp_dec                           0x08004263   Thumb Code     4  printf1.o(x$fpl$printf1)
    F6x8                                     0x08004266   Data         552  oled.o(.constdata)
    __I$use$fp                               0x08004266   Number         0  usenofp.o(x$fpl$usenofp)
    F8X16                                    0x0800448e   Data        1520  oled.o(.constdata)
    download_cmd                             0x08004a7e   Data           4  protocol.o(.constdata)
    Region$$Table$$Base                      0x08004b18   Number         0  anon$$obj.o(Region$$Table)
    Region$$Table$$Limit                     0x08004b38   Number         0  anon$$obj.o(Region$$Table)
    SystemCoreClock                          0x20000000   Data           4  system_stm32f10x.o(.data)
    AHBPrescTable                            0x20000004   Data          16  system_stm32f10x.o(.data)
    Hzk                                      0x20000014   Data         384  oled.o(.data)
    Buff                                     0x20000194   Data           6  sht30.o(.data)
    Temperature                              0x2000019c   Data           4  sht30.o(.data)
    Humidity                                 0x200001a0   Data           4  sht30.o(.data)
    rx_buf_in                                0x200001a8   Data           4  system.o(.data)
    rx_buf_out                               0x200001ac   Data           4  system.o(.data)
    stop_update_flag                         0x200001b0   Data           1  system.o(.data)
    reset_wifi_flag                          0x200001b1   Data           1  system.o(.data)
    set_wifimode_flag                        0x200001b2   Data           1  system.o(.data)
    wifi_work_state                          0x200001b3   Data           1  system.o(.data)
    tcnt                                     0x200001b6   Data           2  rtc.o(.data)
    wifi_data_process_buf                    0x200001d0   Data          31  system.o(.bss)
    wifi_uart_rx_buf                         0x200001ef   Data          23  system.o(.bss)
    wifi_uart_tx_buf                         0x20000206   Data          55  system.o(.bss)
    __libspace_start                         0x20000240   Data          96  libspace.o(.bss)
    __temporary_stack_top$libspace           0x200002a0   Data           0  libspace.o(.bss)



==============================================================================

Memory Map of the image

  Image Entry point : 0x08000131

  Load Region LR_IROM1 (Base: 0x08000000, Size: 0x00004d24, Max: 0x00010000, ABSOLUTE, COMPRESSED[0x00004c30])

    Execution Region ER_IROM1 (Exec base: 0x08000000, Load base: 0x08000000, Size: 0x00004b54, Max: 0x00010000, ABSOLUTE)

    Exec Addr    Load Addr    Size         Type   Attr      Idx    E Section Name        Object

    0x08000000   0x08000000   0x00000130   Data   RO          418    RESET               startup_stm32f10x_hd.o
    0x08000130   0x08000130   0x00000008   Code   RO          555  * !!!main             c_w.l(__main.o)
    0x08000138   0x08000138   0x00000034   Code   RO          797    !!!scatter          c_w.l(__scatter.o)
    0x0800016c   0x0800016c   0x0000005a   Code   RO          795    !!dczerorl2         c_w.l(__dczerorl2.o)
    0x080001c6   0x080001c6   0x00000002   PAD
    0x080001c8   0x080001c8   0x0000001c   Code   RO          799    !!handler_zi        c_w.l(__scatter_zi.o)
    0x080001e4   0x080001e4   0x00000000   Code   RO          552    .ARM.Collect$$_printf_percent$$00000000  c_w.l(_printf_percent.o)
    0x080001e4   0x080001e4   0x00000006   Code   RO          551    .ARM.Collect$$_printf_percent$$00000003  c_w.l(_printf_f.o)
    0x080001ea   0x080001ea   0x00000004   Code   RO          592    .ARM.Collect$$_printf_percent$$00000017  c_w.l(_printf_percent_end.o)
    0x080001ee   0x080001ee   0x00000002   Code   RO          672    .ARM.Collect$$libinit$$00000000  c_w.l(libinit.o)
    0x080001f0   0x080001f0   0x00000000   Code   RO          674    .ARM.Collect$$libinit$$00000002  c_w.l(libinit2.o)
    0x080001f0   0x080001f0   0x00000000   Code   RO          676    .ARM.Collect$$libinit$$00000004  c_w.l(libinit2.o)
    0x080001f0   0x080001f0   0x00000000   Code   RO          679    .ARM.Collect$$libinit$$0000000A  c_w.l(libinit2.o)
    0x080001f0   0x080001f0   0x00000000   Code   RO          681    .ARM.Collect$$libinit$$0000000C  c_w.l(libinit2.o)
    0x080001f0   0x080001f0   0x00000000   Code   RO          683    .ARM.Collect$$libinit$$0000000E  c_w.l(libinit2.o)
    0x080001f0   0x080001f0   0x00000006   Code   RO          684    .ARM.Collect$$libinit$$0000000F  c_w.l(libinit2.o)
    0x080001f6   0x080001f6   0x00000000   Code   RO          686    .ARM.Collect$$libinit$$00000011  c_w.l(libinit2.o)
    0x080001f6   0x080001f6   0x00000000   Code   RO          688    .ARM.Collect$$libinit$$00000013  c_w.l(libinit2.o)
    0x080001f6   0x080001f6   0x00000000   Code   RO          690    .ARM.Collect$$libinit$$00000015  c_w.l(libinit2.o)
    0x080001f6   0x080001f6   0x0000000a   Code   RO          691    .ARM.Collect$$libinit$$00000016  c_w.l(libinit2.o)
    0x08000200   0x08000200   0x00000000   Code   RO          692    .ARM.Collect$$libinit$$00000017  c_w.l(libinit2.o)
    0x08000200   0x08000200   0x00000000   Code   RO          694    .ARM.Collect$$libinit$$00000019  c_w.l(libinit2.o)
    0x08000200   0x08000200   0x00000000   Code   RO          696    .ARM.Collect$$libinit$$0000001B  c_w.l(libinit2.o)
    0x08000200   0x08000200   0x00000000   Code   RO          698    .ARM.Collect$$libinit$$0000001D  c_w.l(libinit2.o)
    0x08000200   0x08000200   0x00000000   Code   RO          700    .ARM.Collect$$libinit$$0000001F  c_w.l(libinit2.o)
    0x08000200   0x08000200   0x00000000   Code   RO          702    .ARM.Collect$$libinit$$00000021  c_w.l(libinit2.o)
    0x08000200   0x08000200   0x00000000   Code   RO          704    .ARM.Collect$$libinit$$00000023  c_w.l(libinit2.o)
    0x08000200   0x08000200   0x00000000   Code   RO          706    .ARM.Collect$$libinit$$00000025  c_w.l(libinit2.o)
    0x08000200   0x08000200   0x00000000   Code   RO          710    .ARM.Collect$$libinit$$0000002C  c_w.l(libinit2.o)
    0x08000200   0x08000200   0x00000000   Code   RO          712    .ARM.Collect$$libinit$$0000002E  c_w.l(libinit2.o)
    0x08000200   0x08000200   0x00000000   Code   RO          714    .ARM.Collect$$libinit$$00000030  c_w.l(libinit2.o)
    0x08000200   0x08000200   0x00000000   Code   RO          716    .ARM.Collect$$libinit$$00000032  c_w.l(libinit2.o)
    0x08000200   0x08000200   0x00000002   Code   RO          717    .ARM.Collect$$libinit$$00000033  c_w.l(libinit2.o)
    0x08000202   0x08000202   0x00000002   Code   RO          745    .ARM.Collect$$libshutdown$$00000000  c_w.l(libshutdown.o)
    0x08000204   0x08000204   0x00000000   Code   RO          754    .ARM.Collect$$libshutdown$$00000002  c_w.l(libshutdown2.o)
    0x08000204   0x08000204   0x00000000   Code   RO          756    .ARM.Collect$$libshutdown$$00000004  c_w.l(libshutdown2.o)
    0x08000204   0x08000204   0x00000000   Code   RO          759    .ARM.Collect$$libshutdown$$00000007  c_w.l(libshutdown2.o)
    0x08000204   0x08000204   0x00000000   Code   RO          762    .ARM.Collect$$libshutdown$$0000000A  c_w.l(libshutdown2.o)
    0x08000204   0x08000204   0x00000000   Code   RO          764    .ARM.Collect$$libshutdown$$0000000C  c_w.l(libshutdown2.o)
    0x08000204   0x08000204   0x00000000   Code   RO          767    .ARM.Collect$$libshutdown$$0000000F  c_w.l(libshutdown2.o)
    0x08000204   0x08000204   0x00000002   Code   RO          768    .ARM.Collect$$libshutdown$$00000010  c_w.l(libshutdown2.o)
    0x08000206   0x08000206   0x00000000   Code   RO          585    .ARM.Collect$$rtentry$$00000000  c_w.l(__rtentry.o)
    0x08000206   0x08000206   0x00000000   Code   RO          601    .ARM.Collect$$rtentry$$00000002  c_w.l(__rtentry2.o)
    0x08000206   0x08000206   0x00000006   Code   RO          613    .ARM.Collect$$rtentry$$00000004  c_w.l(__rtentry4.o)
    0x0800020c   0x0800020c   0x00000000   Code   RO          603    .ARM.Collect$$rtentry$$00000009  c_w.l(__rtentry2.o)
    0x0800020c   0x0800020c   0x00000004   Code   RO          604    .ARM.Collect$$rtentry$$0000000A  c_w.l(__rtentry2.o)
    0x08000210   0x08000210   0x00000000   Code   RO          606    .ARM.Collect$$rtentry$$0000000C  c_w.l(__rtentry2.o)
    0x08000210   0x08000210   0x00000008   Code   RO          607    .ARM.Collect$$rtentry$$0000000D  c_w.l(__rtentry2.o)
    0x08000218   0x08000218   0x00000002   Code   RO          718    .ARM.Collect$$rtexit$$00000000  c_w.l(rtexit.o)
    0x0800021a   0x0800021a   0x00000000   Code   RO          725    .ARM.Collect$$rtexit$$00000002  c_w.l(rtexit2.o)
    0x0800021a   0x0800021a   0x00000004   Code   RO          726    .ARM.Collect$$rtexit$$00000003  c_w.l(rtexit2.o)
    0x0800021e   0x0800021e   0x00000006   Code   RO          727    .ARM.Collect$$rtexit$$00000004  c_w.l(rtexit2.o)
    0x08000224   0x08000224   0x00000280   Code   RO            1    .text               main.o
    0x080004a4   0x080004a4   0x0000001a   Code   RO          149    .text               stm32f10x_it.o
    0x080004be   0x080004be   0x00000002   PAD
    0x080004c0   0x080004c0   0x000001e0   Code   RO          190    .text               system_stm32f10x.o
    0x080006a0   0x080006a0   0x00000038   Code   RO          208    .text               led.o
    0x080006d8   0x080006d8   0x00000594   Code   RO          220    .text               oled.o
    0x08000c6c   0x08000c6c   0x00000208   Code   RO          242    .text               bsp_i2c_gpio.o
    0x08000e74   0x08000e74   0x00000138   Code   RO          260    .text               sht30.o
    0x08000fac   0x08000fac   0x0000063c   Code   RO          275    .text               mcu_api.o
    0x080015e8   0x080015e8   0x00000060   Code   RO          291    .text               protocol.o
    0x08001648   0x08001648   0x00000388   Code   RO          307    .text               system.o
    0x080019d0   0x080019d0   0x00000098   Code   RO          327    .text               key.o
    0x08001a68   0x08001a68   0x00000130   Code   RO          340    .text               rtc.o
    0x08001b98   0x08001b98   0x000000d4   Code   RO          356    .text               delay.o
    0x08001c6c   0x08001c6c   0x000000f0   Code   RO          387    .text               usart.o
    0x08001d5c   0x08001d5c   0x00000040   Code   RO          419    .text               startup_stm32f10x_hd.o
    0x08001d9c   0x08001d9c   0x0000035c   Code   RO          423    .text               stm32f10x_gpio.o
    0x080020f8   0x080020f8   0x000003a4   Code   RO          435    .text               stm32f10x_rcc.o
    0x0800249c   0x0800249c   0x00000408   Code   RO          449    .text               stm32f10x_usart.o
    0x080028a4   0x080028a4   0x000000dc   Code   RO          461    .text               misc.o
    0x08002980   0x08002980   0x000000cc   Code   RO          473    .text               stm32f10x_pwr.o
    0x08002a4c   0x08002a4c   0x000000c4   Code   RO          485    .text               stm32f10x_bkp.o
    0x08002b10   0x08002b10   0x00000148   Code   RO          497    .text               stm32f10x_rtc.o
    0x08002c58   0x08002c58   0x00000002   Code   RO          523    .text               c_w.l(use_no_semi_2.o)
    0x08002c5a   0x08002c5a   0x00000002   PAD
    0x08002c5c   0x08002c5c   0x00000028   Code   RO          527    .text               c_w.l(noretval__2sprintf.o)
    0x08002c84   0x08002c84   0x0000010e   Code   RO          539    .text               c_w.l(__printf_wp.o)
    0x08002d92   0x08002d92   0x00000006   Code   RO          553    .text               c_w.l(heapauxi.o)
    0x08002d98   0x08002d98   0x00000002   Code   RO          583    .text               c_w.l(use_no_semi.o)
    0x08002d9a   0x08002d9a   0x0000041e   Code   RO          586    .text               c_w.l(_printf_fp_dec.o)
    0x080031b8   0x080031b8   0x00000030   Code   RO          588    .text               c_w.l(_printf_char_common.o)
    0x080031e8   0x080031e8   0x0000000a   Code   RO          590    .text               c_w.l(_sputc.o)
    0x080031f2   0x080031f2   0x00000002   PAD
    0x080031f4   0x080031f4   0x00000008   Code   RO          618    .text               c_w.l(rt_locale_intlibspace.o)
    0x080031fc   0x080031fc   0x0000008a   Code   RO          620    .text               c_w.l(lludiv10.o)
    0x08003286   0x08003286   0x00000002   PAD
    0x08003288   0x08003288   0x00000080   Code   RO          622    .text               c_w.l(_printf_fp_infnan.o)
    0x08003308   0x08003308   0x000000e4   Code   RO          626    .text               c_w.l(bigflt0.o)
    0x080033ec   0x080033ec   0x00000008   Code   RO          658    .text               c_w.l(libspace.o)
    0x080033f4   0x080033f4   0x0000004a   Code   RO          661    .text               c_w.l(sys_stackheap_outer.o)
    0x0800343e   0x0800343e   0x00000012   Code   RO          663    .text               c_w.l(exit.o)
    0x08003450   0x08003450   0x00000080   Code   RO          665    .text               c_w.l(strcmpv7m.o)
    0x080034d0   0x080034d0   0x0000003e   Code   RO          629    CL$$btod_d2e        c_w.l(btod.o)
    0x0800350e   0x0800350e   0x00000046   Code   RO          631    CL$$btod_d2e_denorm_low  c_w.l(btod.o)
    0x08003554   0x08003554   0x00000060   Code   RO          630    CL$$btod_d2e_norm_op1  c_w.l(btod.o)
    0x080035b4   0x080035b4   0x00000338   Code   RO          639    CL$$btod_div_common  c_w.l(btod.o)
    0x080038ec   0x080038ec   0x000000dc   Code   RO          636    CL$$btod_e2e        c_w.l(btod.o)
    0x080039c8   0x080039c8   0x0000002a   Code   RO          633    CL$$btod_ediv       c_w.l(btod.o)
    0x080039f2   0x080039f2   0x0000002a   Code   RO          632    CL$$btod_emul       c_w.l(btod.o)
    0x08003a1c   0x08003a1c   0x00000244   Code   RO          638    CL$$btod_mult_common  c_w.l(btod.o)
    0x08003c60   0x08003c60   0x00000028   Code   RO          656    i.__ARM_fpclassify  m_ws.l(fpclassify.o)
    0x08003c88   0x08003c88   0x0000000e   Code   RO          541    i._is_digit         c_w.l(__printf_wp.o)
    0x08003c96   0x08003c96   0x00000002   PAD
    0x08003c98   0x08003c98   0x0000002c   Code   RO          652    locale$$code        c_w.l(lc_numeric_c.o)
    0x08003cc4   0x08003cc4   0x0000000c   Code   RO          593    x$fpl$dretinf       fz_ws.l(dretinf.o)
    0x08003cd0   0x08003cd0   0x00000056   Code   RO          557    x$fpl$f2d           fz_ws.l(f2d.o)
    0x08003d26   0x08003d26   0x00000002   PAD
    0x08003d28   0x08003d28   0x000000c4   Code   RO          559    x$fpl$fadd          fz_ws.l(faddsub_clz.o)
    0x08003dec   0x08003dec   0x00000184   Code   RO          566    x$fpl$fdiv          fz_ws.l(fdiv.o)
    0x08003f70   0x08003f70   0x0000003e   Code   RO          569    x$fpl$ffixu         fz_ws.l(ffixu.o)
    0x08003fae   0x08003fae   0x00000002   PAD
    0x08003fb0   0x08003fb0   0x00000030   Code   RO          574    x$fpl$fflt          fz_ws.l(fflt_clz.o)
    0x08003fe0   0x08003fe0   0x00000102   Code   RO          579    x$fpl$fmul          fz_ws.l(fmul.o)
    0x080040e2   0x080040e2   0x0000008c   Code   RO          595    x$fpl$fnaninf       fz_ws.l(fnaninf.o)
    0x0800416e   0x0800416e   0x0000000a   Code   RO          597    x$fpl$fretinf       fz_ws.l(fretinf.o)
    0x08004178   0x08004178   0x000000ea   Code   RO          561    x$fpl$fsub          fz_ws.l(faddsub_clz.o)
    0x08004262   0x08004262   0x00000004   Code   RO          581    x$fpl$printf1       fz_ws.l(printf1.o)
    0x08004266   0x08004266   0x00000000   Code   RO          599    x$fpl$usenofp       fz_ws.l(usenofp.o)
    0x08004266   0x08004266   0x00000818   Data   RO          221    .constdata          oled.o
    0x08004a7e   0x08004a7e   0x00000004   Data   RO          292    .constdata          protocol.o
    0x08004a82   0x08004a82   0x00000002   PAD
    0x08004a84   0x08004a84   0x00000094   Data   RO          627    .constdata          c_w.l(bigflt0.o)
    0x08004b18   0x08004b18   0x00000020   Data   RO          793    Region$$Table       anon$$obj.o
    0x08004b38   0x08004b38   0x0000001c   Data   RO          651    locale$$data        c_w.l(lc_numeric_c.o)


    Execution Region RW_IRAM1 (Exec base: 0x20000000, Load base: 0x08004b54, Size: 0x000008a0, Max: 0x00005000, ABSOLUTE, COMPRESSED[0x000000dc])

    Exec Addr    Load Addr    Size         Type   Attr      Idx    E Section Name        Object

    0x20000000   COMPRESSED   0x00000014   Data   RW          191    .data               system_stm32f10x.o
    0x20000014   COMPRESSED   0x00000180   Data   RW          222    .data               oled.o
    0x20000194   COMPRESSED   0x00000010   Data   RW          261    .data               sht30.o
    0x200001a4   COMPRESSED   0x00000002   Data   RW          276    .data               mcu_api.o
    0x200001a6   COMPRESSED   0x00000002   PAD
    0x200001a8   COMPRESSED   0x0000000d   Data   RW          309    .data               system.o
    0x200001b5   COMPRESSED   0x00000001   Data   RW          328    .data               key.o
    0x200001b6   COMPRESSED   0x00000002   Data   RW          341    .data               rtc.o
    0x200001b8   COMPRESSED   0x00000004   Data   RW          357    .data               delay.o
    0x200001bc   COMPRESSED   0x00000014   Data   RW          436    .data               stm32f10x_rcc.o
    0x200001d0        -       0x0000006d   Zero   RW          308    .bss                system.o
    0x2000023d   COMPRESSED   0x00000003   PAD
    0x20000240        -       0x00000060   Zero   RW          659    .bss                c_w.l(libspace.o)
    0x200002a0        -       0x00000200   Zero   RW          417    HEAP                startup_stm32f10x_hd.o
    0x200004a0        -       0x00000400   Zero   RW          416    STACK               startup_stm32f10x_hd.o


==============================================================================

Image component sizes


      Code (inc. data)   RO Data    RW Data    ZI Data      Debug   Object Name

       520          4          0          0          0       2016   bsp_i2c_gpio.o
       212         18          0          4          0       1023   delay.o
       152         10          0          1          0        768   key.o
        56          6          0          0          0        475   led.o
       640        144          0          0          0     233231   main.o
      1596         62          0          2          0       7562   mcu_api.o
       220         22          0          0          0       1781   misc.o
      1428         28       2072        384          0       6366   oled.o
        96         14          4          0          0       2104   protocol.o
       304         16          0          2          0       1153   rtc.o
       312         30          0         16          0       1653   sht30.o
        64         26        304          0       1536        788   startup_stm32f10x_hd.o
       196          8          0          0          0       3480   stm32f10x_bkp.o
       860         38          0          0          0       5713   stm32f10x_gpio.o
        26          0          0          0          0       1170   stm32f10x_it.o
       204         14          0          0          0       1943   stm32f10x_pwr.o
       932         36          0         20          0       8884   stm32f10x_rcc.o
       328          4          0          0          0       2714   stm32f10x_rtc.o
      1032         22          0          0          0       8440   stm32f10x_usart.o
         0          0          0          0          0         32   sys.o
       904        118          0         13        109       5834   system.o
       480         38          0         20          0       1707   system_stm32f10x.o
       240          8          0          0          0       3025   usart.o

    ----------------------------------------------------------------------
     10804        666       2414        464       1648     301862   Object Totals
         0          0         32          0          0          0   (incl. Generated)
         2          0          2          2          3          0   (incl. Padding)

    ----------------------------------------------------------------------

      Code (inc. data)   RO Data    RW Data    ZI Data      Debug   Library Member Name

        90          0          0          0          0          0   __dczerorl2.o
         8          0          0          0          0         68   __main.o
       284          0          0          0          0        156   __printf_wp.o
         0          0          0          0          0          0   __rtentry.o
        12          0          0          0          0          0   __rtentry2.o
         6          0          0          0          0          0   __rtentry4.o
        52          8          0          0          0          0   __scatter.o
        28          0          0          0          0          0   __scatter_zi.o
        48          6          0          0          0         96   _printf_char_common.o
         6          0          0          0          0          0   _printf_f.o
      1054          0          0          0          0        216   _printf_fp_dec.o
       128         16          0          0          0         84   _printf_fp_infnan.o
         0          0          0          0          0          0   _printf_percent.o
         4          0          0          0          0          0   _printf_percent_end.o
        10          0          0          0          0         68   _sputc.o
       228          4        148          0          0         96   bigflt0.o
      1936        128          0          0          0        672   btod.o
        18          0          0          0          0         80   exit.o
         6          0          0          0          0        152   heapauxi.o
        44         10         28          0          0         76   lc_numeric_c.o
         2          0          0          0          0          0   libinit.o
        18          0          0          0          0          0   libinit2.o
         2          0          0          0          0          0   libshutdown.o
         2          0          0          0          0          0   libshutdown2.o
         8          4          0          0         96         68   libspace.o
       138          0          0          0          0         80   lludiv10.o
        40          6          0          0          0         84   noretval__2sprintf.o
         8          4          0          0          0         68   rt_locale_intlibspace.o
         2          0          0          0          0          0   rtexit.o
        10          0          0          0          0          0   rtexit2.o
       128          0          0          0          0         68   strcmpv7m.o
        74          0          0          0          0         80   sys_stackheap_outer.o
         2          0          0          0          0         68   use_no_semi.o
         2          0          0          0          0         68   use_no_semi_2.o
        12          0          0          0          0         68   dretinf.o
        86          4          0          0          0         84   f2d.o
       430          8          0          0          0        168   faddsub_clz.o
       388         76          0          0          0         96   fdiv.o
        62          4          0          0          0         84   ffixu.o
        48          0          0          0          0         68   fflt_clz.o
       258          4          0          0          0         84   fmul.o
       140          4          0          0          0         84   fnaninf.o
        10          0          0          0          0         68   fretinf.o
         4          0          0          0          0         68   printf1.o
         0          0          0          0          0          0   usenofp.o
        40          0          0          0          0         68   fpclassify.o

    ----------------------------------------------------------------------
      5890        286        176          0         96       3288   Library Totals
        14          0          0          0          0          0   (incl. Padding)

    ----------------------------------------------------------------------

      Code (inc. data)   RO Data    RW Data    ZI Data      Debug   Library Name

      4398        186        176          0         96       2348   c_w.l
      1438        100          0          0          0        872   fz_ws.l
        40          0          0          0          0         68   m_ws.l

    ----------------------------------------------------------------------
      5890        286        176          0         96       3288   Library Totals

    ----------------------------------------------------------------------

==============================================================================


      Code (inc. data)   RO Data    RW Data    ZI Data      Debug   

     16694        952       2590        464       1744     301194   Grand Totals
     16694        952       2590        220       1744     301194   ELF Image Totals (compressed)
     16694        952       2590        220          0          0   ROM Totals

==============================================================================

    Total RO  Size (Code + RO Data)                19284 (  18.83kB)
    Total RW  Size (RW Data + ZI Data)              2208 (   2.16kB)
    Total ROM Size (Code + RO Data + RW Data)      19504 (  19.05kB)

==============================================================================

